Component: ARM Compiler 5.06 update 1 (build 61) Tool: armlink [4d35a8]

==============================================================================

Section Cross References

    main.o(i.main) refers to usart.o(i.USART_Config) for USART_Config
    main.o(i.main) refers to printf8.o(i.__0printf$8) for __2printf
    main.o(i.main) refers to nvic.o(i.NVIC_PriorityConfig) for NVIC_PriorityConfig
    main.o(i.main) refers to systick.o(i.SysTick_init) for SysTick_init
    main.o(i.main) refers to led.o(i.LED_Config) for LED_Config
    main.o(i.main) refers to led.o(i.LED_On) for LED_On
    main.o(i.main) refers to i2c_moni.o(i.I2C_MoniConfig) for I2C_MoniConfig
    main.o(i.main) refers to mpu_dmp_useapi.o(i.mpu_dmp_init) for mpu_dmp_init
    main.o(i.main) refers to mpu_dmp_useapi.o(i.SetReportFlag) for SetReportFlag
    main.o(i.main) refers to moto_pwm.o(i.MOTO_PwmConfig) for MOTO_PwmConfig
    main.o(i.main) refers to nrf.o(i.NRF_Config) for NRF_Config
    main.o(i.main) refers to checksignal.o(i.CheckSignal_Config) for CheckSignal_Config
    main.o(i.main) refers to dmp_exti.o(i.DMP_EXTIConfig) for DMP_EXTIConfig
    nvic.o(i.NVIC_PriorityConfig) refers to nvic.o(i.NVIC_EncodePriority) for NVIC_EncodePriority
    nvic.o(i.NVIC_PriorityConfig) refers to nvic.o(i.NVIC_SetPriority) for NVIC_SetPriority
    systick.o(i.SysTick_Handler) refers to systick.o(.data) for count
    systick.o(i.SysTick_init) refers to system_stm32f10x.o(.data) for SystemCoreClock
    systick.o(i.delay_ms) refers to systick.o(.data) for count
    systick.o(i.delay_us) refers to systick.o(.data) for count
    led.o(i.LED_Config) refers to stm32f10x_rcc.o(i.RCC_APB2PeriphClockCmd) for RCC_APB2PeriphClockCmd
    led.o(i.LED_Config) refers to stm32f10x_gpio.o(i.GPIO_Init) for GPIO_Init
    led.o(i.LED_Config) refers to led.o(i.LED_Off) for LED_Off
    led.o(i.LED_CyclieOn) refers to led.o(i.LED_On) for LED_On
    led.o(i.LED_CyclieOn) refers to systick.o(i.delay_ms) for delay_ms
    led.o(i.LED_CyclieOn) refers to led.o(i.LED_Off) for LED_Off
    led.o(i.LED_Off) refers to stm32f10x_gpio.o(i.GPIO_SetBits) for GPIO_SetBits
    led.o(i.LED_On) refers to stm32f10x_gpio.o(i.GPIO_ResetBits) for GPIO_ResetBits
    breatheled.o(i.PWM_Config) refers to stm32f10x_rcc.o(i.RCC_APB1PeriphClockCmd) for RCC_APB1PeriphClockCmd
    breatheled.o(i.PWM_Config) refers to stm32f10x_tim.o(i.TIM_TimeBaseInit) for TIM_TimeBaseInit
    breatheled.o(i.PWM_Config) refers to stm32f10x_tim.o(i.TIM_OC1Init) for TIM_OC1Init
    breatheled.o(i.PWM_Config) refers to stm32f10x_tim.o(i.TIM_ARRPreloadConfig) for TIM_ARRPreloadConfig
    breatheled.o(i.PWM_Config) refers to stm32f10x_tim.o(i.TIM_OC1PreloadConfig) for TIM_OC1PreloadConfig
    breatheled.o(i.PWM_Config) refers to stm32f10x_tim.o(i.TIM_Cmd) for TIM_Cmd
    breatheled.o(i.PWM_Config) refers to stm32f10x_tim.o(i.TIM_ClearFlag) for TIM_ClearFlag
    breatheled.o(i.PWM_Config) refers to stm32f10x_tim.o(i.TIM_ITConfig) for TIM_ITConfig
    breatheled.o(i.TIM3_IRQHandler) refers to stm32f10x_tim.o(i.TIM_GetITStatus) for TIM_GetITStatus
    breatheled.o(i.TIM3_IRQHandler) refers to led.o(i.LED_On) for LED_On
    breatheled.o(i.TIM3_IRQHandler) refers to stm32f10x_tim.o(i.TIM_ClearITPendingBit) for TIM_ClearITPendingBit
    breatheled.o(i.TIM3_IRQHandler) refers to led.o(i.LED_Off) for LED_Off
    breatheled.o(i.TIM3_IRQHandler) refers to stm32f10x_tim.o(i.TIM_SetCompare1) for TIM_SetCompare1
    breatheled.o(i.TIM3_IRQHandler) refers to breatheled.o(.data) for i
    usart.o(i.USART_Config) refers to stm32f10x_rcc.o(i.RCC_APB2PeriphClockCmd) for RCC_APB2PeriphClockCmd
    usart.o(i.USART_Config) refers to stm32f10x_rcc.o(i.RCC_APB1PeriphClockCmd) for RCC_APB1PeriphClockCmd
    usart.o(i.USART_Config) refers to stm32f10x_gpio.o(i.GPIO_Init) for GPIO_Init
    usart.o(i.USART_Config) refers to stm32f10x_usart.o(i.USART_Init) for USART_Init
    usart.o(i.USART_Config) refers to stm32f10x_usart.o(i.USART_Cmd) for USART_Cmd
    usart.o(i.fputc) refers to stm32f10x_usart.o(i.USART_SendData) for USART_SendData
    usart.o(i.fputc) refers to stm32f10x_usart.o(i.USART_GetFlagStatus) for USART_GetFlagStatus
    i2c_moni.o(i.I2C_GetAck) refers to systick.o(i.delay_us) for delay_us
    i2c_moni.o(i.I2C_MoniConfig) refers to stm32f10x_rcc.o(i.RCC_APB2PeriphClockCmd) for RCC_APB2PeriphClockCmd
    i2c_moni.o(i.I2C_MoniConfig) refers to stm32f10x_gpio.o(i.GPIO_Init) for GPIO_Init
    i2c_moni.o(i.I2C_MoniConfig) refers to systick.o(i.delay_us) for delay_us
    i2c_moni.o(i.I2C_SetAck) refers to systick.o(i.delay_us) for delay_us
    i2c_moni.o(i.I2C_Start) refers to i2c_moni.o(i._I2C_IsBusy) for _I2C_IsBusy
    i2c_moni.o(i.I2C_Start) refers to systick.o(i.delay_us) for delay_us
    i2c_moni.o(i.I2C_Stop) refers to systick.o(i.delay_us) for delay_us
    i2c_moni.o(i.MoniI2C_ReadByte) refers to systick.o(i.delay_us) for delay_us
[...]
    i.I2C_GetAck                             0x08001328   Section        0  i2c_moni.o(i.I2C_GetAck)
    i.I2C_MoniConfig                         0x0800136c   Section        0  i2c_moni.o(i.I2C_MoniConfig)
    i.I2C_SetAck                             0x080013c4   Section        0  i2c_moni.o(i.I2C_SetAck)
    i.I2C_Start                              0x0800144c   Section        0  i2c_moni.o(i.I2C_Start)
    i.I2C_Stop                               0x080014bc   Section        0  i2c_moni.o(i.I2C_Stop)
    i.Inner_PID                              0x08001514   Section        0  control.o(i.Inner_PID)
    i.LED_Config                             0x08001750   Section        0  led.o(i.LED_Config)
    i.LED_Off                                0x08001798   Section        0  led.o(i.LED_Off)
    i.LED_On                                 0x08001838   Section        0  led.o(i.LED_On)
    i.LED_Toggle                             0x080018d8   Section        0  led.o(i.LED_Toggle)
    i.MOTO1_SetPulse                         0x08001984   Section        0  moto_pwm.o(i.MOTO1_SetPulse)
    i.MOTO2_SetPulse                         0x08001998   Section        0  moto_pwm.o(i.MOTO2_SetPulse)
    i.MOTO3_SetPulse                         0x080019ac   Section        0  moto_pwm.o(i.MOTO3_SetPulse)
    i.MOTO4_SetPulse                         0x080019c0   Section        0  moto_pwm.o(i.MOTO4_SetPulse)
    i.MOTO_PwmConfig                         0x080019d4   Section        0  moto_pwm.o(i.MOTO_PwmConfig)
    i.MoniI2C_ReadByte                       0x08001ac4   Section        0  i2c_moni.o(i.MoniI2C_ReadByte)
    i.MoniI2C_WriteByte                      0x08001b20   Section        0  i2c_moni.o(i.MoniI2C_WriteByte)
    i.MoniI2c_ReadSomeDataFromSlave          0x08001bb8   Section        0  i2c_moni.o(i.MoniI2c_ReadSomeDataFromSlave)
    i.MoniI2c_WriteSomeDataToSlave           0x08001c30   Section        0  i2c_moni.o(i.MoniI2c_WriteSomeDataToSlave)
    i.NRF_Config                             0x08001c90   Section        0  nrf.o(i.NRF_Config)
    i.NRF_ReceivePacket                      0x08001d88   Section        0  nrf.o(i.NRF_ReceivePacket)
    i.NVIC_EncodePriority                    0x08001dcc   Section        0  nvic.o(i.NVIC_EncodePriority)
    NVIC_EncodePriority                      0x08001dcd   Thumb Code    64  nvic.o(i.NVIC_EncodePriority)
    i.NVIC_PriorityConfig                    0x08001e0c   Section        0  nvic.o(i.NVIC_PriorityConfig)
    i.NVIC_SetPriority                       0x08001e64   Section        0  nvic.o(i.NVIC_SetPriority)
    NVIC_SetPriority                         0x08001e65   Thumb Code    32  nvic.o(i.NVIC_SetPriority)
    i.Outter_PID                             0x08001e8c   Section        0  control.o(i.Outter_PID)
    i.RCC_APB1PeriphClockCmd                 0x08001ef8   Section        0  stm32f10x_rcc.o(i.RCC_APB1PeriphClockCmd)
    i.RCC_APB2PeriphClockCmd                 0x08001f18   Section        0  stm32f10x_rcc.o(i.RCC_APB2PeriphClockCmd)
    i.RCC_GetClocksFreq                      0x08001f38   Section        0  stm32f10x_rcc.o(i.RCC_GetClocksFreq)
    i.RX_Mode                                0x0800200c   Section        0  nrf.o(i.RX_Mode)
    i.Rotation_Correction                    0x08002040   Section        0  control.o(i.Rotation_Correction)
    i.SPI_Cmd                                0x080020b0   Section        0  stm32f10x_spi.o(i.SPI_Cmd)
    i.SPI_Config                             0x080020c8   Section        0  spi.o(i.SPI_Config)
    i.SPI_I2S_GetFlagStatus                  0x08002168   Section        0  stm32f10x_spi.o(i.SPI_I2S_GetFlagStatus)
    i.SPI_I2S_ReceiveData                    0x0800217a   Section        0  stm32f10x_spi.o(i.SPI_I2S_ReceiveData)
    i.SPI_I2S_SendData                       0x08002180   Section        0  stm32f10x_spi.o(i.SPI_I2S_SendData)
    i.SPI_Init                               0x08002184   Section        0  stm32f10x_spi.o(i.SPI_Init)
    i.SPI_RW                                 0x080021c0   Section        0  spi.o(i.SPI_RW)
    i.SPI_Read_Buf                           0x080021f8   Section        0  spi.o(i.SPI_Read_Buf)
    i.SPI_Read_Byte                          0x08002248   Section        0  spi.o(i.SPI_Read_Byte)
    i.SPI_Write_Buf                          0x08002280   Section        0  spi.o(i.SPI_Write_Buf)
    i.SPI_Write_Byte                         0x080022d0   Section        0  spi.o(i.SPI_Write_Byte)
    i.SYSTEM_Reset                           0x08002310   Section        0  mpu_dmp_useapi.o(i.SYSTEM_Reset)
    i.SetReportFlag                          0x0800235c   Section        0  mpu_dmp_useapi.o(i.SetReportFlag)
    i.SetSysClock                            0x080023b4   Section        0  system_stm32f10x.o(i.SetSysClock)
    SetSysClock                              0x080023b5   Thumb Code     8  system_stm32f10x.o(i.SetSysClock)
    i.SetSysClockTo72                        0x080023bc   Section        0  system_stm32f10x.o(i.SetSysClockTo72)
    SetSysClockTo72                          0x080023bd   Thumb Code   214  system_stm32f10x.o(i.SetSysClockTo72)
    i.Set_Pwm                                0x0800249c   Section        0  control.o(i.Set_Pwm)
    i.SysTick_Handler                        0x08002598   Section        0  systick.o(i.SysTick_Handler)
    i.SysTick_init                           0x080025b0   Section        0  systick.o(i.SysTick_init)
    i.SystemInit                             0x080025e0   Section        0  system_stm32f10x.o(i.SystemInit)
    i.TIM2_IRQHandler                        0x08002640   Section        0  checksignal.o(i.TIM2_IRQHandler)
    i.TIM3_IRQHandler                        0x080026bc   Section        0  breatheled.o(i.TIM3_IRQHandler)
    i.TIM_ARRPreloadConfig                   0x08002760   Section        0  stm32f10x_tim.o(i.TIM_ARRPreloadConfig)
    i.TIM_ClearFlag                          0x08002778   Section        0  stm32f10x_tim.o(i.TIM_ClearFlag)
    i.TIM_ClearITPendingBit                  0x0800277e   Section        0  stm32f10x_tim.o(i.TIM_ClearITPendingBit)
    i.TIM_Cmd                                0x08002784   Section        0  stm32f10x_tim.o(i.TIM_Cmd)
    i.TIM_CtrlPWMOutputs                     0x0800279c   Section        0  stm32f10x_tim.o(i.TIM_CtrlPWMOutputs)
    i.TIM_GetITStatus                        0x080027ba   Section        0  stm32f10x_tim.o(i.TIM_GetITStatus)
    i.TIM_ITConfig                           0x080027dc   Section        0  stm32f10x_tim.o(i.TIM_ITConfig)
    i.TIM_OC1Init                            0x080027f0   Section        0  stm32f10x_tim.o(i.TIM_OC1Init)
    i.TIM_OC1PreloadConfig                   0x08002888   Section        0  stm32f10x_tim.o(i.TIM_OC1PreloadConfig)
    i.TIM_OC2Init                            0x0800289c   Section        0  stm32f10x_tim.o(i.TIM_OC2Init)
    i.TIM_OC2PreloadConfig                   0x08002940   Section        0  stm32f10x_tim.o(i.TIM_OC2PreloadConfig)
    i.TIM_OC3Init                            0x0800295c   Section        0  stm32f10x_tim.o(i.TIM_OC3Init)
    i.TIM_OC3PreloadConfig                   0x080029fc   Section        0  stm32f10x_tim.o(i.TIM_OC3PreloadConfig)
    i.TIM_OC4Init                            0x08002a10   Section        0  stm32f10x_tim.o(i.TIM_OC4Init)
    i.TIM_OC4PreloadConfig                   0x08002a8c   Section        0  stm32f10x_tim.o(i.TIM_OC4PreloadConfig)
    i.TIM_SetCompare1                        0x08002aa6   Section        0  stm32f10x_tim.o(i.TIM_SetCompare1)
    i.TIM_SetCompare2                        0x08002aaa   Section        0  stm32f10x_tim.o(i.TIM_SetCompare2)
    i.TIM_SetCompare3                        0x08002aae   Section        0  stm32f10x_tim.o(i.TIM_SetCompare3)
    i.TIM_SetCompare4                        0x08002ab2   Section        0  stm32f10x_tim.o(i.TIM_SetCompare4)
    i.TIM_TimeBaseInit                       0x08002ab8   Section        0  stm32f10x_tim.o(i.TIM_TimeBaseInit)
    i.USART_Cmd                              0x08002b5c   Section        0  stm32f10x_usart.o(i.USART_Cmd)
    i.USART_Config                           0x08002b74   Section        0  usart.o(i.USART_Config)
    i.USART_GetFlagStatus                    0x08002bf8   Section        0  stm32f10x_usart.o(i.USART_GetFlagStatus)
    i.USART_Init                             0x08002c14   Section        0  stm32f10x_usart.o(i.USART_Init)
    i.USART_SendData                         0x08002cec   Section        0  stm32f10x_usart.o(i.USART_SendData)
    i.UnpackData                             0x08002cf4   Section        0  deal_datapacket.o(i.UnpackData)
    i._I2C_IsBusy                            0x08002d84   Section        0  i2c_moni.o(i._I2C_IsBusy)
    i.__0printf$8                            0x08002dc4   Section        0  printf8.o(i.__0printf$8)
    i.__ARM_fpclassify                       0x08002de4   Section        0  fpclassify.o(i.__ARM_fpclassify)
    i.__kernel_poly                          0x08002e0c   Section        0  poly.o(i.__kernel_poly)
    i.__mathlib_dbl_infnan                   0x08002eb6   Section        0  dunder.o(i.__mathlib_dbl_infnan)
    i.__mathlib_dbl_infnan2                  0x08002ebc   Section        0  dunder.o(i.__mathlib_dbl_infnan2)
    i.__mathlib_dbl_invalid                  0x08002ec0   Section        0  dunder.o(i.__mathlib_dbl_invalid)
    i.__mathlib_dbl_underflow                0x08002ecc   Section        0  dunder.o(i.__mathlib_dbl_underflow)
    i.__scatterload_copy                     0x08002edc   Section       14  handlers.o(i.__scatterload_copy)
    i.__scatterload_null                     0x08002eea   Section        2  handlers.o(i.__scatterload_null)
    i.__scatterload_zeroinit                 0x08002eec   Section       14  handlers.o(i.__scatterload_zeroinit)
    i.__set_errno                            0x08002efc   Section        0  errno.o(i.__set_errno)
    i._printf_core                           0x08002f08   Section        0  printf8.o(i._printf_core)
    _printf_core                             0x08002f09   Thumb Code   996  printf8.o(i._printf_core)
    i._printf_post_padding                   0x08003318   Section        0  printf8.o(i._printf_post_padding)
    _printf_post_padding                     0x08003319   Thumb Code    36  printf8.o(i._printf_post_padding)
    i._printf_pre_padding                    0x0800333c   Section        0  printf8.o(i._printf_pre_padding)
    _printf_pre_padding                      0x0800333d   Thumb Code    46  printf8.o(i._printf_pre_padding)
    i.accel_self_test                        0x0800336c   Section        0  inv_mpu.o(i.accel_self_test)
    accel_self_test                          0x0800336d   Thumb Code   164  inv_mpu.o(i.accel_self_test)
    i.asin                                   0x08003414   Section        0  asin.o(i.asin)
    i.atan                                   0x08003684   Section        0  atan.o(i.atan)
    i.atan2                                  0x080038a4   Section        0  atan2.o(i.atan2)
    i.decode_gesture                         0x08003a24   Section        0  inv_mpu_dmp_motion_driver.o(i.decode_gesture)
    decode_gesture                           0x08003a25   Thumb Code    94  inv_mpu_dmp_motion_driver.o(i.decode_gesture)
    i.delay_ms                               0x08003a88   Section        0  systick.o(i.delay_ms)
    i.delay_us                               0x08003acc   Section        0  systick.o(i.delay_us)
    i.dmp_enable_6x_lp_quat                  0x08003b08   Section        0  inv_mpu_dmp_motion_driver.o(i.dmp_enable_6x_lp_quat)
    i.dmp_enable_feature                     0x08003b44   Section        0  inv_mpu_dmp_motion_driver.o(i.dmp_enable_feature)
    i.dmp_enable_gyro_cal                    0x08003d60   Section        0  inv_mpu_dmp_motion_driver.o(i.dmp_enable_gyro_cal)
    i.dmp_enable_lp_quat                     0x08003db8   Section        0  inv_mpu_dmp_motion_driver.o(i.dmp_enable_lp_quat)
    i.dmp_getdata                            0x08003df4   Section        0  mpu_dmp_useapi.o(i.dmp_getdata)
    i.dmp_load_motion_driver_firmware        0x0800419c   Section        0  inv_mpu_dmp_motion_driver.o(i.dmp_load_motion_driver_firmware)
    i.dmp_read_fifo                          0x080041b4   Section        0  inv_mpu_dmp_motion_driver.o(i.dmp_read_fifo)
    i.dmp_set_accel_bias                     0x08004380   Section        0  inv_mpu_dmp_motion_driver.o(i.dmp_set_accel_bias)
    i.dmp_set_fifo_rate                      0x080044b0   Section        0  inv_mpu_dmp_motion_driver.o(i.dmp_set_fifo_rate)
    i.dmp_set_gyro_bias                      0x08004520   Section        0  inv_mpu_dmp_motion_driver.o(i.dmp_set_gyro_bias)
    i.dmp_set_orientation                    0x08004650   Section        0  inv_mpu_dmp_motion_driver.o(i.dmp_set_orientation)
    i.dmp_set_shake_reject_thresh            0x08004788   Section        0  inv_mpu_dmp_motion_driver.o(i.dmp_set_shake_reject_thresh)
    i.dmp_set_shake_reject_time              0x080047c0   Section        0  inv_mpu_dmp_motion_driver.o(i.dmp_set_shake_reject_time)
    i.dmp_set_shake_reject_timeout           0x080047e6   Section        0  inv_mpu_dmp_motion_driver.o(i.dmp_set_shake_reject_timeout)
    i.dmp_set_tap_axes                       0x0800480c   Section        0  inv_mpu_dmp_motion_driver.o(i.dmp_set_tap_axes)
    i.dmp_set_tap_count                      0x08004852   Section        0  inv_mpu_dmp_motion_driver.o(i.dmp_set_tap_count)
    i.dmp_set_tap_thresh                     0x08004878   Section        0  inv_mpu_dmp_motion_driver.o(i.dmp_set_tap_thresh)
    i.dmp_set_tap_time                       0x08004a18   Section        0  inv_mpu_dmp_motion_driver.o(i.dmp_set_tap_time)
    i.dmp_set_tap_time_multi                 0x08004a3e   Section        0  inv_mpu_dmp_motion_driver.o(i.dmp_set_tap_time_multi)
    i.fputc                                  0x08004a64   Section        0  usart.o(i.fputc)
    i.get_accel_prod_shift                   0x08004a88   Section        0  inv_mpu.o(i.get_accel_prod_shift)
    get_accel_prod_shift                     0x08004a89   Thumb Code   168  inv_mpu.o(i.get_accel_prod_shift)
    i.get_ms                                 0x08004b3c   Section        0  inv_mpu.o(i.get_ms)
    i.get_st_biases                          0x08004b40   Section        0  inv_mpu.o(i.get_st_biases)
    get_st_biases                            0x08004b41   Thumb Code  1132  inv_mpu.o(i.get_st_biases)
    i.gyro_data_ready_cb                     0x08004fb0   Section        0  mpu_dmp_useapi.o(i.gyro_data_ready_cb)
    i.gyro_self_test                         0x08004fbc   Section        0  inv_mpu.o(i.gyro_self_test)
    gyro_self_test                           0x08004fbd   Thumb Code   256  inv_mpu.o(i.gyro_self_test)
    i.inv_orientation_matrix_to_scalar       0x080050cc   Section        0  mpu_dmp_useapi.o(i.inv_orientation_matrix_to_scalar)
    i.inv_row_2_scale                        0x080050f4   Section        0  mpu_dmp_useapi.o(i.inv_row_2_scale)
    i.main                                   0x08005144   Section        0  main.o(i.main)
    i.mpu_configure_fifo                     0x08005198   Section        0  inv_mpu.o(i.mpu_configure_fifo)
    i.mpu_dmp_init                           0x08005208   Section        0  mpu_dmp_useapi.o(i.mpu_dmp_init)
    i.mpu_get_accel_fsr                      0x080052a0   Section        0  inv_mpu.o(i.mpu_get_accel_fsr)
    i.mpu_get_accel_sens                     0x080052ec   Section        0  inv_mpu.o(i.mpu_get_accel_sens)
    i.mpu_get_fifo_config                    0x08005340   Section        0  inv_mpu.o(i.mpu_get_fifo_config)
    i.mpu_get_gyro_fsr                       0x08005350   Section        0  inv_mpu.o(i.mpu_get_gyro_fsr)
    i.mpu_get_gyro_sens                      0x08005394   Section        0  inv_mpu.o(i.mpu_get_gyro_sens)
    i.mpu_get_lpf                            0x080053e4   Section        0  inv_mpu.o(i.mpu_get_lpf)
    i.mpu_get_sample_rate                    0x08005434   Section        0  inv_mpu.o(i.mpu_get_sample_rate)
    i.mpu_init                               0x08005454   Section        0  inv_mpu.o(i.mpu_init)
    i.mpu_load_firmware                      0x08005644   Section        0  inv_mpu.o(i.mpu_load_firmware)
    i.mpu_lp_accel_mode                      0x080056fc   Section        0  inv_mpu.o(i.mpu_lp_accel_mode)
    i.mpu_read_fifo                          0x080057dc   Section        0  inv_mpu.o(i.mpu_read_fifo)
    i.mpu_read_fifo_stream                   0x080059d4   Section        0  inv_mpu.o(i.mpu_read_fifo_stream)
    i.mpu_read_mem                           0x08005a94   Section        0  inv_mpu.o(i.mpu_read_mem)
    i.mpu_reset_fifo                         0x08005b14   Section        0  inv_mpu.o(i.mpu_reset_fifo)
    i.mpu_run_self_test                      0x08005cdc   Section        0  inv_mpu.o(i.mpu_run_self_test)
    i.mpu_set_accel_fsr                      0x08005df8   Section        0  inv_mpu.o(i.mpu_set_accel_fsr)
    i.mpu_set_bypass                         0x08005e7c   Section        0  inv_mpu.o(i.mpu_set_bypass)
    i.mpu_set_dmp_state                      0x08005fc8   Section        0  inv_mpu.o(i.mpu_set_dmp_state)
    i.mpu_set_gyro_fsr                       0x08006058   Section        0  inv_mpu.o(i.mpu_set_gyro_fsr)
    i.mpu_set_int_latched                    0x080060e0   Section        0  inv_mpu.o(i.mpu_set_int_latched)
    i.mpu_set_lpf                            0x0800614c   Section        0  inv_mpu.o(i.mpu_set_lpf)
    i.mpu_set_sample_rate                    0x080061d0   Section        0  inv_mpu.o(i.mpu_set_sample_rate)
    i.mpu_set_sensors                        0x0800626c   Section        0  inv_mpu.o(i.mpu_set_sensors)
    i.mpu_write_mem                          0x0800633c   Section        0  inv_mpu.o(i.mpu_write_mem)
    i.run_self_test                          0x080063bc   Section        0  mpu_dmp_useapi.o(i.run_self_test)
    i.set_int_enable                         0x0800644c   Section        0  inv_mpu.o(i.set_int_enable)
    set_int_enable                           0x0800644d   Thumb Code   138  inv_mpu.o(i.set_int_enable)
    i.sqrt                                   0x080064dc   Section        0  sqrt.o(i.sqrt)
    .constdata                               0x08006528   Section       80  inv_mpu.o(.constdata)
    .constdata                               0x08006578   Section     3062  inv_mpu_dmp_motion_driver.o(.constdata)
    dmp_memory                               0x08006578   Data        3062  inv_mpu_dmp_motion_driver.o(.constdata)
    .constdata                               0x08007170   Section       80  asin.o(.constdata)
    pS                                       0x08007170   Data          48  asin.o(.constdata)
    qS                                       0x080071a0   Data          32  asin.o(.constdata)
    .constdata                               0x080071c0   Section      152  atan.o(.constdata)
    atanhi                                   0x080071c0   Data          32  atan.o(.constdata)
    atanlo                                   0x080071e0   Data          32  atan.o(.constdata)
    aTodd                                    0x08007200   Data          40  atan.o(.constdata)
    aTeven                                   0x08007228   Data          48  atan.o(.constdata)
    .constdata                               0x08007258   Section        8  qnan.o(.constdata)
    .conststring                             0x08007260   Section       77  inv_mpu.o(.conststring)
    .data                                    0x20000000   Section        4  systick.o(.data)
    .data                                    0x20000004   Section        3  breatheled.o(.data)
    .data                                    0x20000007   Section        1  spi.o(.data)
    .data                                    0x20000008   Section       11  nrf.o(.data)
    .data                                    0x20000014   Section       10  deal_datapacket.o(.data)
    .data                                    0x2000001e   Section        1  checksignal.o(.data)
    .data                                    0x20000020   Section      128  control.o(.data)
    kp1                                      0x20000050   Data           4  control.o(.data)
    kp2                                      0x20000054   Data           4  control.o(.data)
    e_pit                                    0x20000058   Data           4  control.o(.data)
    e_rol                                    0x2000005c   Data           4  control.o(.data)
    kp1                                      0x20000060   Data           4  control.o(.data)
    ki1                                      0x20000064   Data           4  control.o(.data)
    kd1                                      0x20000068   Data           4  control.o(.data)
    kp2                                      0x2000006c   Data           4  control.o(.data)
    ki2                                      0x20000070   Data           4  control.o(.data)
    kd2                                      0x20000074   Data           4  control.o(.data)
    e_X                                      0x20000078   Data           8  control.o(.data)
    e_Y                                      0x20000080   Data           8  control.o(.data)
    flag_Y                                   0x20000088   Data           1  control.o(.data)
    flag_X                                   0x20000089   Data           1  control.o(.data)
    kp1                                      0x2000008c   Data           4  control.o(.data)
    kd1                                      0x20000090   Data           4  control.o(.data)
    e_Yaw                                    0x20000094   Data           8  control.o(.data)
    max                                      0x2000009c   Data           2  control.o(.data)
    min                                      0x2000009e   Data           2  control.o(.data)
    .data                                    0x200000a0   Section       44  inv_mpu.o(.data)
    st                                       0x200000a0   Data          44  inv_mpu.o(.data)
    .data                                    0x200000cc   Section       60  mpu_dmp_useapi.o(.data)
    .data                                    0x20000108   Section       20  stm32f10x_rcc.o(.data)
    APBAHBPrescTable                         0x20000108   Data          16  stm32f10x_rcc.o(.data)
    ADCPrescTable                            0x20000118   Data           4  stm32f10x_rcc.o(.data)
    .data                                    0x2000011c   Section       20  system_stm32f10x.o(.data)
    .data                                    0x20000130   Section        4  stdout.o(.data)
    .data                                    0x20000134   Section        4  errno.o(.data)
    _errno                                   0x20000134   Data           4  errno.o(.data)
    .bss                                     0x20000138   Section       12  nrf.o(.bss)
    .bss                                     0x20000144   Section       16  inv_mpu_dmp_motion_driver.o(.bss)
    dmp                                      0x20000144   Data          16  inv_mpu_dmp_motion_driver.o(.bss)
    .bss                                     0x20000154   Section       63  ano_dt.o(.bss)
    .bss                                     0x20000194   Section       32  mpu_dmp_useapi.o(.bss)
    STACK                                    0x200001b8   Section     1024  startup_stm32f10x_md.o(STACK)

    Global Symbols

    Symbol Name                              Value     Ov Type        Size  Object(Section)

    BuildAttributes$$THM_ISAv4$P$D$K$B$S$PE$A:L22UL41UL21$X:L11$S22US41US21$IEEE1$IW$USESV6$~STKCKD$USESV7$~SHL$OTIME$ROPI$IEEEX$EBA8$MICROLIB$REQ8$PRES8$EABIv2 0x00000000   Number         0  anon$$obj.o ABSOLUTE
    __ARM_use_no_argv                        0x00000000   Number         0  main.o ABSOLUTE
    _printf_a                                0x00000000   Number         0  stubs.o ABSOLUTE
    _printf_c                                0x00000000   Number         0  stubs.o ABSOLUTE
    _printf_charcount                        0x00000000   Number         0  stubs.o ABSOLUTE
    _printf_d                                0x00000000   Number         0  stubs.o ABSOLUTE
    _printf_e                                0x00000000   Number         0  stubs.o ABSOLUTE
    _printf_f                                0x00000000   Number         0  stubs.o ABSOLUTE
    _printf_flags                            0x00000000   Number         0  stubs.o ABSOLUTE
    _printf_fp_dec                           0x00000000   Number         0  stubs.o ABSOLUTE
    _printf_fp_hex                           0x00000000   Number         0  stubs.o ABSOLUTE
    _printf_g                                0x00000000   Number         0  stubs.o ABSOLUTE
    _printf_i                                0x00000000   Number         0  stubs.o ABSOLUTE
    _printf_int_dec                          0x00000000   Number         0  stubs.o ABSOLUTE
    _printf_l                                0x00000000   Number         0  stubs.o ABSOLUTE
    _printf_lc                               0x00000000   Number         0  stubs.o ABSOLUTE
    _printf_ll                               0x00000000   Number         0  stubs.o ABSOLUTE
    _printf_lld                              0x00000000   Number         0  stubs.o ABSOLUTE
    _printf_lli                              0x00000000   Number         0  stubs.o ABSOLUTE
    _printf_llo                              0x00000000   Number         0  stubs.o ABSOLUTE
    _printf_llu                              0x00000000   Number         0  stubs.o ABSOLUTE
    _printf_llx                              0x00000000   Number         0  stubs.o ABSOLUTE
    _printf_longlong_dec                     0x00000000   Number         0  stubs.o ABSOLUTE
    _printf_longlong_hex                     0x00000000   Number         0  stubs.o ABSOLUTE
    _printf_longlong_oct                     0x00000000   Number         0  stubs.o ABSOLUTE
    _printf_ls                               0x00000000   Number         0  stubs.o ABSOLUTE
    _printf_mbtowc                           0x00000000   Number         0  stubs.o ABSOLUTE
    _printf_n                                0x00000000   Number         0  stubs.o ABSOLUTE
    _printf_o                                0x00000000   Number         0  stubs.o ABSOLUTE
    _printf_p                                0x00000000   Number         0  stubs.o ABSOLUTE
    _printf_percent                          0x00000000   Number         0  stubs.o ABSOLUTE
    _printf_pre_padding                      0x00000000   Number         0  stubs.o ABSOLUTE
    _printf_return_value                     0x00000000   Number         0  stubs.o ABSOLUTE
    _printf_s                                0x00000000   Number         0  stubs.o ABSOLUTE
    _printf_sizespec                         0x00000000   Number         0  stubs.o ABSOLUTE
    _printf_str                              0x00000000   Number         0  stubs.o ABSOLUTE
    _printf_truncate_signed                  0x00000000   Number         0  stubs.o ABSOLUTE
    _printf_truncate_unsigned                0x00000000   Number         0  stubs.o ABSOLUTE
    _printf_u                                0x00000000   Number         0  stubs.o ABSOLUTE
    _printf_wc                               0x00000000   Number         0  stubs.o ABSOLUTE
    _printf_wctomb                           0x00000000   Number         0  stubs.o ABSOLUTE
    _printf_widthprec                        0x00000000   Number         0  stubs.o ABSOLUTE
    _printf_x                                0x00000000   Number         0  stubs.o ABSOLUTE
    __cpp_initialize__aeabi_                  - Undefined Weak Reference
    __cxa_finalize                            - Undefined Weak Reference
    _clock_init                               - Undefined Weak Reference
    _microlib_exit                            - Undefined Weak Reference
    __Vectors_Size                           0x000000ec   Number         0  startup_stm32f10x_md.o ABSOLUTE
    __Vectors                                0x08000000   Data           4  startup_stm32f10x_md.o(RESET)
    __Vectors_End                            0x080000ec   Data           0  startup_stm32f10x_md.o(RESET)
    __main                                   0x080000ed   Thumb Code     0  entry.o(.ARM.Collect$$$$00000000)
    _main_stk                                0x080000ed   Thumb Code     0  entry2.o(.ARM.Collect$$$$00000001)
    _main_scatterload                        0x080000f1   Thumb Code     0  entry5.o(.ARM.Collect$$$$00000004)
    __main_after_scatterload                 0x080000f5   Thumb Code     0  entry5.o(.ARM.Collect$$$$00000004)
    _main_clock                              0x080000f5   Thumb Code     0  entry7b.o(.ARM.Collect$$$$00000008)
    _main_cpp_init                           0x080000f5   Thumb Code     0  entry8b.o(.ARM.Collect$$$$0000000A)
    _main_init                               0x080000f5   Thumb Code     0  entry9a.o(.ARM.Collect$$$$0000000B)
    __rt_final_cpp                           0x080000fd   Thumb Code     0  entry10a.o(.ARM.Collect$$$$0000000D)
    __rt_final_exit                          0x080000fd   Thumb Code     0  entry11a.o(.ARM.Collect$$$$0000000F)
    Reset_Handler                            0x08000101   Thumb Code     8  startup_stm32f10x_md.o(.text)
    NMI_Handler                              0x08000109   Thumb Code     2  startup_stm32f10x_md.o(.text)
    HardFault_Handler                        0x0800010b   Thumb Code     2  startup_stm32f10x_md.o(.text)
    MemManage_Handler                        0x0800010d   Thumb Code     2  startup_stm32f10x_md.o(.text)
    BusFault_Handler                         0x0800010f   Thumb Code     2  startup_stm32f10x_md.o(.text)
    UsageFault_Handler                       0x08000111   Thumb Code     2  startup_stm32f10x_md.o(.text)
    SVC_Handler                              0x08000113   Thumb Code     2  startup_stm32f10x_md.o(.text)
    DebugMon_Handler                         0x08000115   Thumb Code     2  startup_stm32f10x_md.o(.text)
    PendSV_Handler                           0x08000117   Thumb Code     2  startup_stm32f10x_md.o(.text)
    ADC1_2_IRQHandler                        0x0800011b   Thumb Code     0  startup_stm32f10x_md.o(.text)
    CAN1_RX1_IRQHandler                      0x0800011b   Thumb Code     0  startup_stm32f10x_md.o(.text)
    CAN1_SCE_IRQHandler                      0x0800011b   Thumb Code     0  startup_stm32f10x_md.o(.text)
    DMA1_Channel1_IRQHandler                 0x0800011b   Thumb Code     0  startup_stm32f10x_md.o(.text)
    DMA1_Channel2_IRQHandler                 0x0800011b   Thumb Code     0  startup_stm32f10x_md.o(.text)
    DMA1_Channel3_IRQHandler                 0x0800011b   Thumb Code     0  startup_stm32f10x_md.o(.text)
    DMA1_Channel4_IRQHandler                 0x0800011b   Thumb Code     0  startup_stm32f10x_md.o(.text)
    DMA1_Channel5_IRQHandler                 0x0800011b   Thumb Code     0  startup_stm32f10x_md.o(.text)
    DMA1_Channel6_IRQHandler                 0x0800011b   Thumb Code     0  startup_stm32f10x_md.o(.text)
    DMA1_Channel7_IRQHandler                 0x0800011b   Thumb Code     0  startup_stm32f10x_md.o(.text)
    EXTI1_IRQHandler                         0x0800011b   Thumb Code     0  startup_stm32f10x_md.o(.text)
    EXTI2_IRQHandler                         0x0800011b   Thumb Code     0  startup_stm32f10x_md.o(.text)
    EXTI3_IRQHandler                         0x0800011b   Thumb Code     0  startup_stm32f10x_md.o(.text)
    EXTI4_IRQHandler                         0x0800011b   Thumb Code     0  startup_stm32f10x_md.o(.text)
    EXTI9_5_IRQHandler                       0x0800011b   Thumb Code     0  startup_stm32f10x_md.o(.text)
    FLASH_IRQHandler                         0x0800011b   Thumb Code     0  startup_stm32f10x_md.o(.text)
    I2C1_ER_IRQHandler                       0x0800011b   Thumb Code     0  startup_stm32f10x_md.o(.text)
    I2C1_EV_IRQHandler                       0x0800011b   Thumb Code     0  startup_stm32f10x_md.o(.text)
    I2C2_ER_IRQHandler                       0x0800011b   Thumb Code     0  startup_stm32f10x_md.o(.text)
    I2C2_EV_IRQHandler                       0x0800011b   Thumb Code     0  startup_stm32f10x_md.o(.text)
    PVD_IRQHandler                           0x0800011b   Thumb Code     0  startup_stm32f10x_md.o(.text)
    RCC_IRQHandler                           0x0800011b   Thumb Code     0  startup_stm32f10x_md.o(.text)
    RTCAlarm_IRQHandler                      0x0800011b   Thumb Code     0  startup_stm32f10x_md.o(.text)
    RTC_IRQHandler                           0x0800011b   Thumb Code     0  startup_stm32f10x_md.o(.text)
    SPI1_IRQHandler                          0x0800011b   Thumb Code     0  startup_stm32f10x_md.o(.text)
    SPI2_IRQHandler                          0x0800011b   Thumb Code     0  startup_stm32f10x_md.o(.text)
    TAMPER_IRQHandler                        0x0800011b   Thumb Code     0  startup_stm32f10x_md.o(.text)
    TIM1_BRK_IRQHandler                      0x0800011b   Thumb Code     0  startup_stm32f10x_md.o(.text)
    TIM1_CC_IRQHandler                       0x0800011b   Thumb Code     0  startup_stm32f10x_md.o(.text)
    TIM1_TRG_COM_IRQHandler                  0x0800011b   Thumb Code     0  startup_stm32f10x_md.o(.text)
    TIM1_UP_IRQHandler                       0x0800011b   Thumb Code     0  startup_stm32f10x_md.o(.text)
    TIM4_IRQHandler                          0x0800011b   Thumb Code     0  startup_stm32f10x_md.o(.text)
    USART1_IRQHandler                        0x0800011b   Thumb Code     0  startup_stm32f10x_md.o(.text)
    USART2_IRQHandler                        0x0800011b   Thumb Code     0  startup_stm32f10x_md.o(.text)
    USART3_IRQHandler                        0x0800011b   Thumb Code     0  startup_stm32f10x_md.o(.text)
    USBWakeUp_IRQHandler                     0x0800011b   Thumb Code     0  startup_stm32f10x_md.o(.text)
    USB_HP_CAN1_TX_IRQHandler                0x0800011b   Thumb Code     0  startup_stm32f10x_md.o(.text)
    USB_LP_CAN1_RX0_IRQHandler               0x0800011b   Thumb Code     0  startup_stm32f10x_md.o(.text)
    WWDG_IRQHandler                          0x0800011b   Thumb Code     0  startup_stm32f10x_md.o(.text)
    __aeabi_ldivmod                          0x08000125   Thumb Code    98  ldiv.o(.text)
    __aeabi_memset                           0x08000187   Thumb Code    14  memseta.o(.text)
    __aeabi_memset4                          0x08000187   Thumb Code     0  memseta.o(.text)
    __aeabi_memset8                          0x08000187   Thumb Code     0  memseta.o(.text)
    __aeabi_memclr                           0x08000195   Thumb Code     4  memseta.o(.text)
    __aeabi_memclr4                          0x08000195   Thumb Code     0  memseta.o(.text)
    __aeabi_memclr8                          0x08000195   Thumb Code     0  memseta.o(.text)
    _memset$wrapper                          0x08000199   Thumb Code    18  memseta.o(.text)
    memcmp                                   0x080001ab   Thumb Code    26  memcmp.o(.text)
    __aeabi_fadd                             0x080001c5   Thumb Code   164  fadd.o(.text)
    __aeabi_fsub                             0x08000269   Thumb Code     6  fadd.o(.text)
    __aeabi_frsub                            0x0800026f   Thumb Code     6  fadd.o(.text)
    __aeabi_fmul                             0x08000275   Thumb Code   100  fmul.o(.text)
    __aeabi_fdiv                             0x080002d9   Thumb Code   124  fdiv.o(.text)
    __aeabi_dadd                             0x08000355   Thumb Code   322  dadd.o(.text)
    __aeabi_dsub                             0x08000497   Thumb Code     6  dadd.o(.text)
    __aeabi_drsub                            0x0800049d   Thumb Code     6  dadd.o(.text)
    __aeabi_dmul                             0x080004a3   Thumb Code   228  dmul.o(.text)
    __aeabi_ddiv                             0x08000587   Thumb Code   222  ddiv.o(.text)
    __aeabi_i2f                              0x08000665   Thumb Code    18  fflti.o(.text)
    __aeabi_ui2f                             0x08000677   Thumb Code    10  ffltui.o(.text)
    __aeabi_i2d                              0x08000681   Thumb Code    34  dflti.o(.text)
    __aeabi_f2iz                             0x080006a3   Thumb Code    50  ffixi.o(.text)
    __aeabi_f2uiz                            0x080006d5   Thumb Code    40  ffixui.o(.text)
    __aeabi_d2iz                             0x080006fd   Thumb Code    62  dfixi.o(.text)
    __aeabi_f2d                              0x0800073b   Thumb Code    38  f2d.o(.text)
    __aeabi_cdcmpeq                          0x08000761   Thumb Code     0  cdcmple.o(.text)
    __aeabi_cdcmple                          0x08000761   Thumb Code    48  cdcmple.o(.text)
    __aeabi_cdrcmple                         0x08000791   Thumb Code    48  cdrcmple.o(.text)
    __aeabi_d2f                              0x080007c1   Thumb Code    56  d2f.o(.text)
    __aeabi_cfcmpeq                          0x080007f9   Thumb Code     0  cfcmple.o(.text)
    __aeabi_cfcmple                          0x080007f9   Thumb Code    20  cfcmple.o(.text)
    __aeabi_cfrcmple                         0x0800080d   Thumb Code    20  cfrcmple.o(.text)
    __aeabi_uldivmod                         0x08000821   Thumb Code    98  uldiv.o(.text)
    __aeabi_llsl                             0x08000883   Thumb Code    30  llshl.o(.text)
    _ll_shift_l                              0x08000883   Thumb Code     0  llshl.o(.text)
    __aeabi_llsr                             0x080008a1   Thumb Code    32  llushr.o(.text)
    _ll_ushift_r                             0x080008a1   Thumb Code     0  llushr.o(.text)
    __aeabi_lasr                             0x080008c1   Thumb Code    36  llsshr.o(.text)
    _ll_sshift_r                             0x080008c1   Thumb Code     0  llsshr.o(.text)
    __I$use$fp                               0x080008e5   Thumb Code     0  iusefp.o(.text)
    _float_round                             0x080008e5   Thumb Code    18  fepilogue.o(.text)
    _float_epilogue                          0x080008f7   Thumb Code    92  fepilogue.o(.text)
    _double_round                            0x08000953   Thumb Code    30  depilogue.o(.text)
    _double_epilogue                         0x08000971   Thumb Code   156  depilogue.o(.text)
    __ARM_scalbn                             0x08000a0d   Thumb Code    46  dscalb.o(.text)
    scalbn                                   0x08000a0d   Thumb Code     0  dscalb.o(.text)
    __scatterload                            0x08000a3d   Thumb Code    28  init.o(.text)
    __scatterload_rt2                        0x08000a3d   Thumb Code     0  init.o(.text)
    _dsqrt                                   0x08000a61   Thumb Code   162  dsqrt.o(.text)
    __decompress                             0x08000b03   Thumb Code     0  __dczerorl2.o(.text)
    __decompress1                            0x08000b03   Thumb Code    86  __dczerorl2.o(.text)
    ANO_DT_Send_Data                         0x08000b59   Thumb Code    42  ano_dt.o(i.ANO_DT_Send_Data)
    ANO_DT_Send_Senser                       0x08000b89   Thumb Code   374  ano_dt.o(i.ANO_DT_Send_Senser)
    ANO_DT_Send_Status                       0x08000d05   Thumb Code   318  ano_dt.o(i.ANO_DT_Send_Status)
    CheckSignal_Config                       0x08000e4d   Thumb Code   148  checksignal.o(i.CheckSignal_Config)
    DMP_EXTIConfig                           0x08000ee1   Thumb Code    96  dmp_exti.o(i.DMP_EXTIConfig)
    DealPwm                                  0x08000f45   Thumb Code   110  control.o(i.DealPwm)
    Direction_Control                        0x08000fe1   Thumb Code    36  control.o(i.Direction_Control)
    EXTI0_IRQHandler                         0x08001011   Thumb Code   116  nrf.o(i.EXTI0_IRQHandler)
    EXTI15_10_IRQHandler                     0x08001091   Thumb Code    44  control.o(i.EXTI15_10_IRQHandler)
    EXTI_ClearFlag                           0x080010bd   Thumb Code     6  stm32f10x_exti.o(i.EXTI_ClearFlag)
    EXTI_ClearITPendingBit                   0x080010c9   Thumb Code     6  stm32f10x_exti.o(i.EXTI_ClearITPendingBit)
    EXTI_Init                                0x080010d5   Thumb Code   142  stm32f10x_exti.o(i.EXTI_Init)
    GPIO_EXTILineConfig                      0x08001169   Thumb Code    60  stm32f10x_gpio.o(i.GPIO_EXTILineConfig)
    GPIO_Init                                0x080011a9   Thumb Code   278  stm32f10x_gpio.o(i.GPIO_Init)
    GPIO_ResetBits                           0x080012bf   Thumb Code     4  stm32f10x_gpio.o(i.GPIO_ResetBits)
    GPIO_SetBits                             0x080012c3   Thumb Code     4  stm32f10x_gpio.o(i.GPIO_SetBits)
    Get_Angle                                0x080012c9   Thumb Code    76  control.o(i.Get_Angle)
    I2C_GetAck                               0x08001329   Thumb Code    64  i2c_moni.o(i.I2C_GetAck)
    I2C_MoniConfig                           0x0800136d   Thumb Code    82  i2c_moni.o(i.I2C_MoniConfig)
    I2C_SetAck                               0x080013c5   Thumb Code   132  i2c_moni.o(i.I2C_SetAck)
    I2C_Start                                0x0800144d   Thumb Code   106  i2c_moni.o(i.I2C_Start)
    I2C_Stop                                 0x080014bd   Thumb Code    84  i2c_moni.o(i.I2C_Stop)
    Inner_PID                                0x08001515   Thumb Code   484  control.o(i.Inner_PID)
    LED_Config                               0x08001751   Thumb Code    64  led.o(i.LED_Config)
    LED_Off                                  0x08001799   Thumb Code   150  led.o(i.LED_Off)
    LED_On                                   0x08001839   Thumb Code   150  led.o(i.LED_On)
    LED_Toggle                               0x080018d9   Thumb Code   164  led.o(i.LED_Toggle)
    MOTO1_SetPulse                           0x08001985   Thumb Code    14  moto_pwm.o(i.MOTO1_SetPulse)
    MOTO2_SetPulse                           0x08001999   Thumb Code    14  moto_pwm.o(i.MOTO2_SetPulse)
    MOTO3_SetPulse                           0x080019ad   Thumb Code    14  moto_pwm.o(i.MOTO3_SetPulse)
    MOTO4_SetPulse                           0x080019c1   Thumb Code    14  moto_pwm.o(i.MOTO4_SetPulse)
    MOTO_PwmConfig                           0x080019d5   Thumb Code   226  moto_pwm.o(i.MOTO_PwmConfig)
    MoniI2C_ReadByte                         0x08001ac5   Thumb Code    88  i2c_moni.o(i.MoniI2C_ReadByte)
    MoniI2C_WriteByte                        0x08001b21   Thumb Code   148  i2c_moni.o(i.MoniI2C_WriteByte)
    MoniI2c_ReadSomeDataFromSlave            0x08001bb9   Thumb Code   120  i2c_moni.o(i.MoniI2c_ReadSomeDataFromSlave)
    MoniI2c_WriteSomeDataToSlave             0x08001c31   Thumb Code    96  i2c_moni.o(i.MoniI2c_WriteSomeDataToSlave)
    NRF_Config                               0x08001c91   Thumb Code   230  nrf.o(i.NRF_Config)
    NRF_ReceivePacket                        0x08001d89   Thumb Code    56  nrf.o(i.NRF_ReceivePacket)
    NVIC_PriorityConfig                      0x08001e0d   Thumb Code    86  nvic.o(i.NVIC_PriorityConfig)
    Outter_PID                               0x08001e8d   Thumb Code    68  control.o(i.Outter_PID)
    RCC_APB1PeriphClockCmd                   0x08001ef9   Thumb Code    26  stm32f10x_rcc.o(i.RCC_APB1PeriphClockCmd)
    RCC_APB2PeriphClockCmd                   0x08001f19   Thumb Code    26  stm32f10x_rcc.o(i.RCC_APB2PeriphClockCmd)
    RCC_GetClocksFreq                        0x08001f39   Thumb Code   192  stm32f10x_rcc.o(i.RCC_GetClocksFreq)
    RX_Mode                                  0x0800200d   Thumb Code    48  nrf.o(i.RX_Mode)
    Rotation_Correction                      0x08002041   Thumb Code    88  control.o(i.Rotation_Correction)
    SPI_Cmd                                  0x080020b1   Thumb Code    24  stm32f10x_spi.o(i.SPI_Cmd)
    SPI_Config                               0x080020c9   Thumb Code   146  spi.o(i.SPI_Config)
    SPI_I2S_GetFlagStatus                    0x08002169   Thumb Code    18  stm32f10x_spi.o(i.SPI_I2S_GetFlagStatus)
    SPI_I2S_ReceiveData                      0x0800217b   Thumb Code     6  stm32f10x_spi.o(i.SPI_I2S_ReceiveData)
    SPI_I2S_SendData                         0x08002181   Thumb Code     4  stm32f10x_spi.o(i.SPI_I2S_SendData)
    SPI_Init                                 0x08002185   Thumb Code    60  stm32f10x_spi.o(i.SPI_Init)
    SPI_RW                                   0x080021c1   Thumb Code    50  spi.o(i.SPI_RW)
    SPI_Read_Buf                             0x080021f9   Thumb Code    72  spi.o(i.SPI_Read_Buf)
    SPI_Read_Byte                            0x08002249   Thumb Code    50  spi.o(i.SPI_Read_Byte)
    SPI_Write_Buf                            0x08002281   Thumb Code    70  spi.o(i.SPI_Write_Buf)
    SPI_Write_Byte                           0x080022d1   Thumb Code    56  spi.o(i.SPI_Write_Byte)
    SYSTEM_Reset                             0x08002311   Thumb Code    68  mpu_dmp_useapi.o(i.SYSTEM_Reset)
    SetReportFlag                            0x0800235d   Thumb Code    82  mpu_dmp_useapi.o(i.SetReportFlag)
    Set_Pwm                                  0x0800249d   Thumb Code   222  control.o(i.Set_Pwm)
    SysTick_Handler                          0x08002599   Thumb Code    18  systick.o(i.SysTick_Handler)
    SysTick_init                             0x080025b1   Thumb Code    38  systick.o(i.SysTick_init)
    SystemInit                               0x080025e1   Thumb Code    78  system_stm32f10x.o(i.SystemInit)
    TIM2_IRQHandler                          0x08002641   Thumb Code   108  checksignal.o(i.TIM2_IRQHandler)
    TIM3_IRQHandler                          0x080026bd   Thumb Code   152  breatheled.o(i.TIM3_IRQHandler)
    TIM_ARRPreloadConfig                     0x08002761   Thumb Code    24  stm32f10x_tim.o(i.TIM_ARRPreloadConfig)
    TIM_ClearFlag                            0x08002779   Thumb Code     6  stm32f10x_tim.o(i.TIM_ClearFlag)
    TIM_ClearITPendingBit                    0x0800277f   Thumb Code     6  stm32f10x_tim.o(i.TIM_ClearITPendingBit)
    TIM_Cmd                                  0x08002785   Thumb Code    24  stm32f10x_tim.o(i.TIM_Cmd)
    TIM_CtrlPWMOutputs                       0x0800279d   Thumb Code    30  stm32f10x_tim.o(i.TIM_CtrlPWMOutputs)
    TIM_GetITStatus                          0x080027bb   Thumb Code    34  stm32f10x_tim.o(i.TIM_GetITStatus)
    TIM_ITConfig                             0x080027dd   Thumb Code    18  stm32f10x_tim.o(i.TIM_ITConfig)
    TIM_OC1Init                              0x080027f1   Thumb Code   132  stm32f10x_tim.o(i.TIM_OC1Init)
    TIM_OC1PreloadConfig                     0x08002889   Thumb Code    18  stm32f10x_tim.o(i.TIM_OC1PreloadConfig)
    TIM_OC2Init                              0x0800289d   Thumb Code   154  stm32f10x_tim.o(i.TIM_OC2Init)
    TIM_OC2PreloadConfig                     0x08002941   Thumb Code    26  stm32f10x_tim.o(i.TIM_OC2PreloadConfig)
    TIM_OC3Init                              0x0800295d   Thumb Code   150  stm32f10x_tim.o(i.TIM_OC3Init)
    TIM_OC3PreloadConfig                     0x080029fd   Thumb Code    18  stm32f10x_tim.o(i.TIM_OC3PreloadConfig)
    TIM_OC4Init                              0x08002a11   Thumb Code   114  stm32f10x_tim.o(i.TIM_OC4Init)
    TIM_OC4PreloadConfig                     0x08002a8d   Thumb Code    26  stm32f10x_tim.o(i.TIM_OC4PreloadConfig)
    TIM_SetCompare1                          0x08002aa7   Thumb Code     4  stm32f10x_tim.o(i.TIM_SetCompare1)
    TIM_SetCompare2                          0x08002aab   Thumb Code     4  stm32f10x_tim.o(i.TIM_SetCompare2)
    TIM_SetCompare3                          0x08002aaf   Thumb Code     4  stm32f10x_tim.o(i.TIM_SetCompare3)
    TIM_SetCompare4                          0x08002ab3   Thumb Code     6  stm32f10x_tim.o(i.TIM_SetCompare4)
    TIM_TimeBaseInit                         0x08002ab9   Thumb Code   122  stm32f10x_tim.o(i.TIM_TimeBaseInit)
    USART_Cmd                                0x08002b5d   Thumb Code    24  stm32f10x_usart.o(i.USART_Cmd)
    USART_Config                             0x08002b75   Thumb Code   122  usart.o(i.USART_Config)
    USART_GetFlagStatus                      0x08002bf9   Thumb Code    26  stm32f10x_usart.o(i.USART_GetFlagStatus)
    USART_Init                               0x08002c15   Thumb Code   210  stm32f10x_usart.o(i.USART_Init)
    USART_SendData                           0x08002ced   Thumb Code     8  stm32f10x_usart.o(i.USART_SendData)
    UnpackData                               0x08002cf5   Thumb Code   112  deal_datapacket.o(i.UnpackData)
    _I2C_IsBusy                              0x08002d85   Thumb Code    60  i2c_moni.o(i._I2C_IsBusy)
    __0printf$8                              0x08002dc5   Thumb Code    22  printf8.o(i.__0printf$8)
    __1printf$8                              0x08002dc5   Thumb Code     0  printf8.o(i.__0printf$8)
    __2printf                                0x08002dc5   Thumb Code     0  printf8.o(i.__0printf$8)
    __ARM_fpclassify                         0x08002de5   Thumb Code    40  fpclassify.o(i.__ARM_fpclassify)
    __kernel_poly                            0x08002e0d   Thumb Code   170  poly.o(i.__kernel_poly)
    __mathlib_dbl_infnan                     0x08002eb7   Thumb Code     6  dunder.o(i.__mathlib_dbl_infnan)
    __mathlib_dbl_infnan2                    0x08002ebd   Thumb Code     4  dunder.o(i.__mathlib_dbl_infnan2)
    __mathlib_dbl_invalid                    0x08002ec1   Thumb Code    12  dunder.o(i.__mathlib_dbl_invalid)
    __mathlib_dbl_underflow                  0x08002ecd   Thumb Code    10  dunder.o(i.__mathlib_dbl_underflow)
    __scatterload_copy                       0x08002edd   Thumb Code    14  handlers.o(i.__scatterload_copy)
    __scatterload_null                       0x08002eeb   Thumb Code     2  handlers.o(i.__scatterload_null)
    __scatterload_zeroinit                   0x08002eed   Thumb Code    14  handlers.o(i.__scatterload_zeroinit)
    __set_errno                              0x08002efd   Thumb Code     6  errno.o(i.__set_errno)
    asin                                     0x08003415   Thumb Code   572  asin.o(i.asin)
    atan                                     0x08003685   Thumb Code   474  atan.o(i.atan)
    atan2                                    0x080038a5   Thumb Code   346  atan2.o(i.atan2)
    delay_ms                                 0x08003a89   Thumb Code    62  systick.o(i.delay_ms)
    delay_us                                 0x08003acd   Thumb Code    56  systick.o(i.delay_us)
    dmp_enable_6x_lp_quat                    0x08003b09   Thumb Code    60  inv_mpu_dmp_motion_driver.o(i.dmp_enable_6x_lp_quat)
    dmp_enable_feature                       0x08003b45   Thumb Code   530  inv_mpu_dmp_motion_driver.o(i.dmp_enable_feature)
    dmp_enable_gyro_cal                      0x08003d61   Thumb Code    62  inv_mpu_dmp_motion_driver.o(i.dmp_enable_gyro_cal)
    dmp_enable_lp_quat                       0x08003db9   Thumb Code    60  inv_mpu_dmp_motion_driver.o(i.dmp_enable_lp_quat)
    dmp_getdata                              0x08003df5   Thumb Code   876  mpu_dmp_useapi.o(i.dmp_getdata)
    dmp_load_motion_driver_firmware          0x0800419d   Thumb Code    20  inv_mpu_dmp_motion_driver.o(i.dmp_load_motion_driver_firmware)
    dmp_read_fifo                            0x080041b5   Thumb Code   456  inv_mpu_dmp_motion_driver.o(i.dmp_read_fifo)
    dmp_set_accel_bias                       0x08004381   Thumb Code   300  inv_mpu_dmp_motion_driver.o(i.dmp_set_accel_bias)
    dmp_set_fifo_rate                        0x080044b1   Thumb Code    96  inv_mpu_dmp_motion_driver.o(i.dmp_set_fifo_rate)
    dmp_set_gyro_bias                        0x08004521   Thumb Code   294  inv_mpu_dmp_motion_driver.o(i.dmp_set_gyro_bias)
    dmp_set_orientation                      0x08004651   Thumb Code   290  inv_mpu_dmp_motion_driver.o(i.dmp_set_orientation)
    dmp_set_shake_reject_thresh              0x08004789   Thumb Code    56  inv_mpu_dmp_motion_driver.o(i.dmp_set_shake_reject_thresh)
    dmp_set_shake_reject_time                0x080047c1   Thumb Code    38  inv_mpu_dmp_motion_driver.o(i.dmp_set_shake_reject_time)
    dmp_set_shake_reject_timeout             0x080047e7   Thumb Code    38  inv_mpu_dmp_motion_driver.o(i.dmp_set_shake_reject_timeout)
    dmp_set_tap_axes                         0x0800480d   Thumb Code    70  inv_mpu_dmp_motion_driver.o(i.dmp_set_tap_axes)
    dmp_set_tap_count                        0x08004853   Thumb Code    38  inv_mpu_dmp_motion_driver.o(i.dmp_set_tap_count)
    dmp_set_tap_thresh                       0x08004879   Thumb Code   396  inv_mpu_dmp_motion_driver.o(i.dmp_set_tap_thresh)
    dmp_set_tap_time                         0x08004a19   Thumb Code    38  inv_mpu_dmp_motion_driver.o(i.dmp_set_tap_time)
    dmp_set_tap_time_multi                   0x08004a3f   Thumb Code    38  inv_mpu_dmp_motion_driver.o(i.dmp_set_tap_time_multi)
    fputc                                    0x08004a65   Thumb Code    32  usart.o(i.fputc)
    get_ms                                   0x08004b3d   Thumb Code     2  inv_mpu.o(i.get_ms)
    gyro_data_ready_cb                       0x08004fb1   Thumb Code     8  mpu_dmp_useapi.o(i.gyro_data_ready_cb)
    inv_orientation_matrix_to_scalar         0x080050cd   Thumb Code    40  mpu_dmp_useapi.o(i.inv_orientation_matrix_to_scalar)
    inv_row_2_scale                          0x080050f5   Thumb Code    78  mpu_dmp_useapi.o(i.inv_row_2_scale)
    main                                     0x08005145   Thumb Code    64  main.o(i.main)
    mpu_configure_fifo                       0x08005199   Thumb Code   106  inv_mpu.o(i.mpu_configure_fifo)
    mpu_dmp_init                             0x08005209   Thumb Code   144  mpu_dmp_useapi.o(i.mpu_dmp_init)
    mpu_get_accel_fsr                        0x080052a1   Thumb Code    72  inv_mpu.o(i.mpu_get_accel_fsr)
    mpu_get_accel_sens                       0x080052ed   Thumb Code    78  inv_mpu.o(i.mpu_get_accel_sens)
    mpu_get_fifo_config                      0x08005341   Thumb Code    12  inv_mpu.o(i.mpu_get_fifo_config)
    mpu_get_gyro_fsr                         0x08005351   Thumb Code    64  inv_mpu.o(i.mpu_get_gyro_fsr)
    mpu_get_gyro_sens                        0x08005395   Thumb Code    58  inv_mpu.o(i.mpu_get_gyro_sens)
    mpu_get_lpf                              0x080053e5   Thumb Code    74  inv_mpu.o(i.mpu_get_lpf)
    mpu_get_sample_rate                      0x08005435   Thumb Code    26  inv_mpu.o(i.mpu_get_sample_rate)
    mpu_init                                 0x08005455   Thumb Code   416  inv_mpu.o(i.mpu_init)
    mpu_load_firmware                        0x08005645   Thumb Code   180  inv_mpu.o(i.mpu_load_firmware)
    mpu_lp_accel_mode                        0x080056fd   Thumb Code   218  inv_mpu.o(i.mpu_lp_accel_mode)
    mpu_read_fifo                            0x080057dd   Thumb Code   500  inv_mpu.o(i.mpu_read_fifo)
    mpu_read_fifo_stream                     0x080059d5   Thumb Code   186  inv_mpu.o(i.mpu_read_fifo_stream)
    mpu_read_mem                             0x08005a95   Thumb Code   122  inv_mpu.o(i.mpu_read_mem)
    mpu_reset_fifo                           0x08005b15   Thumb Code   450  inv_mpu.o(i.mpu_reset_fifo)
    mpu_run_self_test                        0x08005cdd   Thumb Code   278  inv_mpu.o(i.mpu_run_self_test)
    mpu_set_accel_fsr                        0x08005df9   Thumb Code   126  inv_mpu.o(i.mpu_set_accel_fsr)
    mpu_set_bypass                           0x08005e7d   Thumb Code   328  inv_mpu.o(i.mpu_set_bypass)
    mpu_set_dmp_state                        0x08005fc9   Thumb Code   138  inv_mpu.o(i.mpu_set_dmp_state)
    mpu_set_gyro_fsr                         0x08006059   Thumb Code   132  inv_mpu.o(i.mpu_set_gyro_fsr)
    mpu_set_int_latched                      0x080060e1   Thumb Code   102  inv_mpu.o(i.mpu_set_int_latched)
    mpu_set_lpf                              0x0800614d   Thumb Code   126  inv_mpu.o(i.mpu_set_lpf)
    mpu_set_sample_rate                      0x080061d1   Thumb Code   152  inv_mpu.o(i.mpu_set_sample_rate)
    mpu_set_sensors                          0x0800626d   Thumb Code   202  inv_mpu.o(i.mpu_set_sensors)
    mpu_write_mem                            0x0800633d   Thumb Code   122  inv_mpu.o(i.mpu_write_mem)
    run_self_test                            0x080063bd   Thumb Code   144  mpu_dmp_useapi.o(i.run_self_test)
    sqrt                                     0x080064dd   Thumb Code    76  sqrt.o(i.sqrt)
    hw                                       0x08006528   Data          12  inv_mpu.o(.constdata)
    reg                                      0x08006534   Data          27  inv_mpu.o(.constdata)
    test                                     0x08006550   Data          40  inv_mpu.o(.constdata)
    __mathlib_zero                           0x08007258   Data           8  qnan.o(.constdata)
    Region$$Table$$Base                      0x080072b0   Number         0  anon$$obj.o(Region$$Table)
    Region$$Table$$Limit                     0x080072d0   Number         0  anon$$obj.o(Region$$Table)
    count                                    0x20000000   Data           4  systick.o(.data)
    i                                        0x20000004   Data           2  breatheled.o(.data)
    flag                                     0x20000006   Data           1  breatheled.o(.data)
    status                                   0x20000007   Data           1  spi.o(.data)
    TX_ADDRESS                               0x20000008   Data           5  nrf.o(.data)
    RX_ADDRESS                               0x2000000d   Data           5  nrf.o(.data)
    sta                                      0x20000012   Data           1  nrf.o(.data)
    dataPID                                  0x20000014   Data           1  deal_datapacket.o(.data)
    buttonFlag                               0x20000015   Data           1  deal_datapacket.o(.data)
    remoteControl                            0x20000016   Data           8  deal_datapacket.o(.data)
    dataPID_Last                             0x2000001e   Data           1  checksignal.o(.data)
    ZHONGZHI_PIT                             0x20000020   Data           4  control.o(.data)
    ZHONGZHI_ROL                             0x20000024   Data           4  control.o(.data)
    yaw_zhongzhi                             0x20000028   Data           4  control.o(.data)
    gyro_X                                   0x2000002c   Data           2  control.o(.data)
    gyro_Y                                   0x2000002e   Data           2  control.o(.data)
    moto_pwm                                 0x20000030   Data           8  control.o(.data)
    angular_speed_X                          0x20000038   Data           4  control.o(.data)
    angular_speed_Y                          0x2000003c   Data           4  control.o(.data)
    pwm_X                                    0x20000040   Data           2  control.o(.data)
    pwm_Y                                    0x20000042   Data           2  control.o(.data)
    e_I_Y                                    0x20000044   Data           4  control.o(.data)
    e_I_X                                    0x20000048   Data           4  control.o(.data)
    pwm_Yaw                                  0x2000004c   Data           2  control.o(.data)
    rx_new                                   0x200000cc   Data           1  mpu_dmp_useapi.o(.data)
    gyro_orientation                         0x200000cd   Data           9  mpu_dmp_useapi.o(.data)
    q0                                       0x200000d8   Data           4  mpu_dmp_useapi.o(.data)
    q1                                       0x200000dc   Data           4  mpu_dmp_useapi.o(.data)
    q2                                       0x200000e0   Data           4  mpu_dmp_useapi.o(.data)
    q3                                       0x200000e4   Data           4  mpu_dmp_useapi.o(.data)
    sensor_timestamp                         0x200000e8   Data           4  mpu_dmp_useapi.o(.data)
    gyro                                     0x200000ec   Data           6  mpu_dmp_useapi.o(.data)
    accel                                    0x200000f2   Data           6  mpu_dmp_useapi.o(.data)
    sensors                                  0x200000f8   Data           2  mpu_dmp_useapi.o(.data)
    more                                     0x200000fa   Data           1  mpu_dmp_useapi.o(.data)
    pit                                      0x200000fc   Data           4  mpu_dmp_useapi.o(.data)
    rol                                      0x20000100   Data           4  mpu_dmp_useapi.o(.data)
    yaw                                      0x20000104   Data           4  mpu_dmp_useapi.o(.data)
    SystemCoreClock                          0x2000011c   Data           4  system_stm32f10x.o(.data)
    AHBPrescTable                            0x20000120   Data          16  system_stm32f10x.o(.data)
    __stdout                                 0x20000130   Data           4  stdout.o(.data)
    RxBuf                                    0x20000138   Data          12  nrf.o(.bss)
    f                                        0x20000154   Data          13  ano_dt.o(.bss)
    data_to_send                             0x20000161   Data          50  ano_dt.o(.bss)
    hal                                      0x20000194   Data          14  mpu_dmp_useapi.o(.bss)
    quat                                     0x200001a4   Data          16  mpu_dmp_useapi.o(.bss)
    __initial_sp                             0x200005b8   Data           0  startup_stm32f10x_md.o(STACK)



==============================================================================

Memory Map of the image

  Image Entry point : 0x080000ed

  Load Region LR_IROM1 (Base: 0x08000000, Size: 0x00007408, Max: 0x00010000, ABSOLUTE, COMPRESSED[0x0000732c])

    Execution Region ER_IROM1 (Base: 0x08000000, Size: 0x000072d0, Max: 0x00010000, ABSOLUTE)

    Base Addr    Size         Type   Attr      Idx    E Section Name        Object

    0x08000000   0x000000ec   Data   RO         2843    RESET               startup_stm32f10x_md.o
    0x080000ec   0x00000000   Code   RO         2912  * .ARM.Collect$$$$00000000  mc_w.l(entry.o)
    0x080000ec   0x00000004   Code   RO         3255    .ARM.Collect$$$$00000001  mc_w.l(entry2.o)
    0x080000f0   0x00000004   Code   RO         3258    .ARM.Collect$$$$00000004  mc_w.l(entry5.o)
    0x080000f4   0x00000000   Code   RO         3260    .ARM.Collect$$$$00000008  mc_w.l(entry7b.o)
    0x080000f4   0x00000000   Code   RO         3262    .ARM.Collect$$$$0000000A  mc_w.l(entry8b.o)
    0x080000f4   0x00000008   Code   RO         3263    .ARM.Collect$$$$0000000B  mc_w.l(entry9a.o)
    0x080000fc   0x00000000   Code   RO         3265    .ARM.Collect$$$$0000000D  mc_w.l(entry10a.o)
    0x080000fc   0x00000000   Code   RO         3267    .ARM.Collect$$$$0000000F  mc_w.l(entry11a.o)
    0x080000fc   0x00000004   Code   RO         3256    .ARM.Collect$$$$00002712  mc_w.l(entry2.o)
    0x08000100   0x00000024   Code   RO         2844    .text               startup_stm32f10x_md.o
    0x08000124   0x00000062   Code   RO         2915    .text               mc_w.l(ldiv.o)
    0x08000186   0x00000024   Code   RO         2917    .text               mc_w.l(memseta.o)
    0x080001aa   0x0000001a   Code   RO         2919    .text               mc_w.l(memcmp.o)
    0x080001c4   0x000000b0   Code   RO         3182    .text               mf_w.l(fadd.o)
    0x08000274   0x00000064   Code   RO         3184    .text               mf_w.l(fmul.o)
    0x080002d8   0x0000007c   Code   RO         3186    .text               mf_w.l(fdiv.o)
    0x08000354   0x0000014e   Code   RO         3188    .text               mf_w.l(dadd.o)
    0x080004a2   0x000000e4   Code   RO         3190    .text               mf_w.l(dmul.o)
    0x08000586   0x000000de   Code   RO         3192    .text               mf_w.l(ddiv.o)
    0x08000664   0x00000012   Code   RO         3194    .text               mf_w.l(fflti.o)
    0x08000676   0x0000000a   Code   RO         3196    .text               mf_w.l(ffltui.o)
    0x08000680   0x00000022   Code   RO         3198    .text               mf_w.l(dflti.o)
    0x080006a2   0x00000032   Code   RO         3200    .text               mf_w.l(ffixi.o)
    0x080006d4   0x00000028   Code   RO         3202    .text               mf_w.l(ffixui.o)
    0x080006fc   0x0000003e   Code   RO         3204    .text               mf_w.l(dfixi.o)
    0x0800073a   0x00000026   Code   RO         3206    .text               mf_w.l(f2d.o)
    0x08000760   0x00000030   Code   RO         3208    .text               mf_w.l(cdcmple.o)
    0x08000790   0x00000030   Code   RO         3210    .text               mf_w.l(cdrcmple.o)
    0x080007c0   0x00000038   Code   RO         3212    .text               mf_w.l(d2f.o)
    0x080007f8   0x00000014   Code   RO         3214    .text               mf_w.l(cfcmple.o)
    0x0800080c   0x00000014   Code   RO         3216    .text               mf_w.l(cfrcmple.o)
    0x08000820   0x00000062   Code   RO         3272    .text               mc_w.l(uldiv.o)
    0x08000882   0x0000001e   Code   RO         3274    .text               mc_w.l(llshl.o)
    0x080008a0   0x00000020   Code   RO         3276    .text               mc_w.l(llushr.o)
    0x080008c0   0x00000024   Code   RO         3278    .text               mc_w.l(llsshr.o)
    0x080008e4   0x00000000   Code   RO         3287    .text               mc_w.l(iusefp.o)
    0x080008e4   0x0000006e   Code   RO         3288    .text               mf_w.l(fepilogue.o)
    0x08000952   0x000000ba   Code   RO         3290    .text               mf_w.l(depilogue.o)
    0x08000a0c   0x0000002e   Code   RO         3292    .text               mf_w.l(dscalb.o)
    0x08000a3a   0x00000002   PAD
    0x08000a3c   0x00000024   Code   RO         3296    .text               mc_w.l(init.o)
    0x08000a60   0x000000a2   Code   RO         3298    .text               mf_w.l(dsqrt.o)
    0x08000b02   0x00000056   Code   RO         3308    .text               mc_w.l(__dczerorl2.o)
    0x08000b58   0x00000030   Code   RO         1358    i.ANO_DT_Send_Data  ano_dt.o
    0x08000b88   0x0000017c   Code   RO         1359    i.ANO_DT_Send_Senser  ano_dt.o
    0x08000d04   0x00000148   Code   RO         1360    i.ANO_DT_Send_Status  ano_dt.o
    0x08000e4c   0x00000094   Code   RO          737    i.CheckSignal_Config  checksignal.o
    0x08000ee0   0x00000064   Code   RO          491    i.DMP_EXTIConfig    dmp_exti.o
    0x08000f44   0x0000009c   Code   RO          771    i.DealPwm           control.o
    0x08000fe0   0x00000030   Code   RO          772    i.Direction_Control  control.o
    0x08001010   0x00000080   Code   RO          653    i.EXTI0_IRQHandler  nrf.o
    0x08001090   0x0000002c   Code   RO          773    i.EXTI15_10_IRQHandler  control.o
    0x080010bc   0x0000000c   Code   RO         1532    i.EXTI_ClearFlag    stm32f10x_exti.o
    0x080010c8   0x0000000c   Code   RO         1533    i.EXTI_ClearITPendingBit  stm32f10x_exti.o
    0x080010d4   0x00000094   Code   RO         1538    i.EXTI_Init         stm32f10x_exti.o
    0x08001168   0x00000040   Code   RO         1601    i.GPIO_EXTILineConfig  stm32f10x_gpio.o
    0x080011a8   0x00000116   Code   RO         1604    i.GPIO_Init         stm32f10x_gpio.o
    0x080012be   0x00000004   Code   RO         1611    i.GPIO_ResetBits    stm32f10x_gpio.o
    0x080012c2   0x00000004   Code   RO         1612    i.GPIO_SetBits      stm32f10x_gpio.o
    0x080012c6   0x00000002   PAD
    0x080012c8   0x00000060   Code   RO          774    i.Get_Angle         control.o
    0x08001328   0x00000044   Code   RO          323    i.I2C_GetAck        i2c_moni.o
    0x0800136c   0x00000058   Code   RO          324    i.I2C_MoniConfig    i2c_moni.o
    0x080013c4   0x00000088   Code   RO          325    i.I2C_SetAck        i2c_moni.o
    0x0800144c   0x00000070   Code   RO          326    i.I2C_Start         i2c_moni.o
    0x080014bc   0x00000058   Code   RO          327    i.I2C_Stop          i2c_moni.o
    0x08001514   0x0000023c   Code   RO          775    i.Inner_PID         control.o
    0x08001750   0x00000048   Code   RO          205    i.LED_Config        led.o
    0x08001798   0x000000a0   Code   RO          207    i.LED_Off           led.o
    0x08001838   0x000000a0   Code   RO          208    i.LED_On            led.o
    0x080018d8   0x000000ac   Code   RO          209    i.LED_Toggle        led.o
    0x08001984   0x00000014   Code   RO          516    i.MOTO1_SetPulse    moto_pwm.o
    0x08001998   0x00000014   Code   RO          518    i.MOTO2_SetPulse    moto_pwm.o
    0x080019ac   0x00000014   Code   RO          520    i.MOTO3_SetPulse    moto_pwm.o
    0x080019c0   0x00000014   Code   RO          522    i.MOTO4_SetPulse    moto_pwm.o
    0x080019d4   0x000000f0   Code   RO          523    i.MOTO_PwmConfig    moto_pwm.o
    0x08001ac4   0x0000005c   Code   RO          328    i.MoniI2C_ReadByte  i2c_moni.o
    0x08001b20   0x00000098   Code   RO          329    i.MoniI2C_WriteByte  i2c_moni.o
    0x08001bb8   0x00000078   Code   RO          331    i.MoniI2c_ReadSomeDataFromSlave  i2c_moni.o
    0x08001c30   0x00000060   Code   RO          333    i.MoniI2c_WriteSomeDataToSlave  i2c_moni.o
    0x08001c90   0x000000f8   Code   RO          654    i.NRF_Config        nrf.o
    0x08001d88   0x00000044   Code   RO          655    i.NRF_ReceivePacket  nrf.o
    0x08001dcc   0x00000040   Code   RO          122    i.NVIC_EncodePriority  nvic.o
    0x08001e0c   0x00000056   Code   RO          123    i.NVIC_PriorityConfig  nvic.o
    0x08001e62   0x00000002   PAD
    0x08001e64   0x00000028   Code   RO          124    i.NVIC_SetPriority  nvic.o
    0x08001e8c   0x0000006c   Code   RO          776    i.Outter_PID        control.o
    0x08001ef8   0x00000020   Code   RO         1726    i.RCC_APB1PeriphClockCmd  stm32f10x_rcc.o
    0x08001f18   0x00000020   Code   RO         1728    i.RCC_APB2PeriphClockCmd  stm32f10x_rcc.o
    0x08001f38   0x000000d4   Code   RO         1736    i.RCC_GetClocksFreq  stm32f10x_rcc.o
    0x0800200c   0x00000034   Code   RO          657    i.RX_Mode           nrf.o
    0x08002040   0x00000070   Code   RO          777    i.Rotation_Correction  control.o
    0x080020b0   0x00000018   Code   RO         1941    i.SPI_Cmd           stm32f10x_spi.o
    0x080020c8   0x000000a0   Code   RO          593    i.SPI_Config        spi.o
    0x08002168   0x00000012   Code   RO         1949    i.SPI_I2S_GetFlagStatus  stm32f10x_spi.o
    0x0800217a   0x00000006   Code   RO         1952    i.SPI_I2S_ReceiveData  stm32f10x_spi.o
    0x08002180   0x00000004   Code   RO         1953    i.SPI_I2S_SendData  stm32f10x_spi.o
    0x08002184   0x0000003c   Code   RO         1954    i.SPI_Init          stm32f10x_spi.o
    0x080021c0   0x00000038   Code   RO          594    i.SPI_RW            spi.o
    0x080021f8   0x00000050   Code   RO          595    i.SPI_Read_Buf      spi.o
    0x08002248   0x00000038   Code   RO          596    i.SPI_Read_Byte     spi.o
    0x08002280   0x00000050   Code   RO          597    i.SPI_Write_Buf     spi.o
    0x080022d0   0x00000040   Code   RO          598    i.SPI_Write_Byte    spi.o
    0x08002310   0x0000004c   Code   RO         1400    i.SYSTEM_Reset      mpu_dmp_useapi.o
    0x0800235c   0x00000058   Code   RO         1401    i.SetReportFlag     mpu_dmp_useapi.o
    0x080023b4   0x00000008   Code   RO         2851    i.SetSysClock       system_stm32f10x.o
    0x080023bc   0x000000e0   Code   RO         2852    i.SetSysClockTo72   system_stm32f10x.o
    0x0800249c   0x000000fc   Code   RO          778    i.Set_Pwm           control.o
    0x08002598   0x00000018   Code   RO          160    i.SysTick_Handler   systick.o
    0x080025b0   0x00000030   Code   RO          161    i.SysTick_init      systick.o
    0x080025e0   0x00000060   Code   RO         2854    i.SystemInit        system_stm32f10x.o
    0x08002640   0x0000007c   Code   RO          738    i.TIM2_IRQHandler   checksignal.o
    0x080026bc   0x000000a4   Code   RO          254    i.TIM3_IRQHandler   breatheled.o
    0x08002760   0x00000018   Code   RO         2096    i.TIM_ARRPreloadConfig  stm32f10x_tim.o
    0x08002778   0x00000006   Code   RO         2102    i.TIM_ClearFlag     stm32f10x_tim.o
    0x0800277e   0x00000006   Code   RO         2103    i.TIM_ClearITPendingBit  stm32f10x_tim.o
    0x08002784   0x00000018   Code   RO         2108    i.TIM_Cmd           stm32f10x_tim.o
    0x0800279c   0x0000001e   Code   RO         2110    i.TIM_CtrlPWMOutputs  stm32f10x_tim.o
    0x080027ba   0x00000022   Code   RO         2129    i.TIM_GetITStatus   stm32f10x_tim.o
    0x080027dc   0x00000012   Code   RO         2133    i.TIM_ITConfig      stm32f10x_tim.o
    0x080027ee   0x00000002   PAD
    0x080027f0   0x00000098   Code   RO         2137    i.TIM_OC1Init       stm32f10x_tim.o
    0x08002888   0x00000012   Code   RO         2140    i.TIM_OC1PreloadConfig  stm32f10x_tim.o
    0x0800289a   0x00000002   PAD
    0x0800289c   0x000000a4   Code   RO         2142    i.TIM_OC2Init       stm32f10x_tim.o
    0x08002940   0x0000001a   Code   RO         2145    i.TIM_OC2PreloadConfig  stm32f10x_tim.o
    0x0800295a   0x00000002   PAD
    0x0800295c   0x000000a0   Code   RO         2147    i.TIM_OC3Init       stm32f10x_tim.o
    0x080029fc   0x00000012   Code   RO         2150    i.TIM_OC3PreloadConfig  stm32f10x_tim.o
    0x08002a0e   0x00000002   PAD
    0x08002a10   0x0000007c   Code   RO         2152    i.TIM_OC4Init       stm32f10x_tim.o
    0x08002a8c   0x0000001a   Code   RO         2154    i.TIM_OC4PreloadConfig  stm32f10x_tim.o
    0x08002aa6   0x00000004   Code   RO         2169    i.TIM_SetCompare1   stm32f10x_tim.o
    0x08002aaa   0x00000004   Code   RO         2170    i.TIM_SetCompare2   stm32f10x_tim.o
    0x08002aae   0x00000004   Code   RO         2171    i.TIM_SetCompare3   stm32f10x_tim.o
    0x08002ab2   0x00000006   Code   RO         2172    i.TIM_SetCompare4   stm32f10x_tim.o
    0x08002ab8   0x000000a4   Code   RO         2179    i.TIM_TimeBaseInit  stm32f10x_tim.o
    0x08002b5c   0x00000018   Code   RO         2656    i.USART_Cmd         stm32f10x_usart.o
    0x08002b74   0x00000084   Code   RO          293    i.USART_Config      usart.o
    0x08002bf8   0x0000001a   Code   RO         2659    i.USART_GetFlagStatus  stm32f10x_usart.o
    0x08002c12   0x00000002   PAD
    0x08002c14   0x000000d8   Code   RO         2663    i.USART_Init        stm32f10x_usart.o
    0x08002cec   0x00000008   Code   RO         2673    i.USART_SendData    stm32f10x_usart.o
    0x08002cf4   0x00000090   Code   RO          709    i.UnpackData        deal_datapacket.o
    0x08002d84   0x00000040   Code   RO          334    i._I2C_IsBusy       i2c_moni.o
    0x08002dc4   0x00000020   Code   RO         3128    i.__0printf$8       mc_w.l(printf8.o)
    0x08002de4   0x00000028   Code   RO         3242    i.__ARM_fpclassify  m_ws.l(fpclassify.o)
    0x08002e0c   0x000000aa   Code   RO         3244    i.__kernel_poly     m_ws.l(poly.o)
    0x08002eb6   0x00000006   Code   RO         3229    i.__mathlib_dbl_infnan  m_ws.l(dunder.o)
    0x08002ebc   0x00000004   Code   RO         3230    i.__mathlib_dbl_infnan2  m_ws.l(dunder.o)
    0x08002ec0   0x0000000c   Code   RO         3231    i.__mathlib_dbl_invalid  m_ws.l(dunder.o)
    0x08002ecc   0x00000010   Code   RO         3234    i.__mathlib_dbl_underflow  m_ws.l(dunder.o)
    0x08002edc   0x0000000e   Code   RO         3302    i.__scatterload_copy  mc_w.l(handlers.o)
    0x08002eea   0x00000002   Code   RO         3303    i.__scatterload_null  mc_w.l(handlers.o)
    0x08002eec   0x0000000e   Code   RO         3304    i.__scatterload_zeroinit  mc_w.l(handlers.o)
    0x08002efa   0x00000002   PAD
    0x08002efc   0x0000000c   Code   RO         3282    i.__set_errno       mc_w.l(errno.o)
    0x08002f08   0x00000410   Code   RO         3135    i._printf_core      mc_w.l(printf8.o)
    0x08003318   0x00000024   Code   RO         3136    i._printf_post_padding  mc_w.l(printf8.o)
    0x0800333c   0x0000002e   Code   RO         3137    i._printf_pre_padding  mc_w.l(printf8.o)
    0x0800336a   0x00000002   PAD
    0x0800336c   0x000000a8   Code   RO          841    i.accel_self_test   inv_mpu.o
    0x08003414   0x00000270   Code   RO         2895    i.asin              m_ws.l(asin.o)
    0x08003684   0x00000220   Code   RO         3219    i.atan              m_ws.l(atan.o)
    0x080038a4   0x00000180   Code   RO         2905    i.atan2             m_ws.l(atan2.o)
    0x08003a24   0x00000064   Code   RO         1157    i.decode_gesture    inv_mpu_dmp_motion_driver.o
    0x08003a88   0x00000044   Code   RO          162    i.delay_ms          systick.o
    0x08003acc   0x0000003c   Code   RO          163    i.delay_us          systick.o
    0x08003b08   0x0000003c   Code   RO         1158    i.dmp_enable_6x_lp_quat  inv_mpu_dmp_motion_driver.o
    0x08003b44   0x0000021c   Code   RO         1159    i.dmp_enable_feature  inv_mpu_dmp_motion_driver.o
    0x08003d60   0x00000058   Code   RO         1160    i.dmp_enable_gyro_cal  inv_mpu_dmp_motion_driver.o
    0x08003db8   0x0000003c   Code   RO         1161    i.dmp_enable_lp_quat  inv_mpu_dmp_motion_driver.o
    0x08003df4   0x000003a8   Code   RO         1402    i.dmp_getdata       mpu_dmp_useapi.o
    0x0800419c   0x00000018   Code   RO         1166    i.dmp_load_motion_driver_firmware  inv_mpu_dmp_motion_driver.o
    0x080041b4   0x000001cc   Code   RO         1167    i.dmp_read_fifo     inv_mpu_dmp_motion_driver.o
    0x08004380   0x00000130   Code   RO         1170    i.dmp_set_accel_bias  inv_mpu_dmp_motion_driver.o
    0x080044b0   0x00000070   Code   RO         1171    i.dmp_set_fifo_rate  inv_mpu_dmp_motion_driver.o
    0x08004520   0x00000130   Code   RO         1172    i.dmp_set_gyro_bias  inv_mpu_dmp_motion_driver.o
    0x08004650   0x00000138   Code   RO         1174    i.dmp_set_orientation  inv_mpu_dmp_motion_driver.o
    0x08004788   0x00000038   Code   RO         1177    i.dmp_set_shake_reject_thresh  inv_mpu_dmp_motion_driver.o
    0x080047c0   0x00000026   Code   RO         1178    i.dmp_set_shake_reject_time  inv_mpu_dmp_motion_driver.o
    0x080047e6   0x00000026   Code   RO         1179    i.dmp_set_shake_reject_timeout  inv_mpu_dmp_motion_driver.o
    0x0800480c   0x00000046   Code   RO         1180    i.dmp_set_tap_axes  inv_mpu_dmp_motion_driver.o
    0x08004852   0x00000026   Code   RO         1181    i.dmp_set_tap_count  inv_mpu_dmp_motion_driver.o
    0x08004878   0x000001a0   Code   RO         1182    i.dmp_set_tap_thresh  inv_mpu_dmp_motion_driver.o
    0x08004a18   0x00000026   Code   RO         1183    i.dmp_set_tap_time  inv_mpu_dmp_motion_driver.o
    0x08004a3e   0x00000026   Code   RO         1184    i.dmp_set_tap_time_multi  inv_mpu_dmp_motion_driver.o
    0x08004a64   0x00000024   Code   RO          294    i.fputc             usart.o
    0x08004a88   0x000000b4   Code   RO          842    i.get_accel_prod_shift  inv_mpu.o
    0x08004b3c   0x00000002   Code   RO          843    i.get_ms            inv_mpu.o
    0x08004b3e   0x00000002   PAD
    0x08004b40   0x00000470   Code   RO          844    i.get_st_biases     inv_mpu.o
    0x08004fb0   0x0000000c   Code   RO         1403    i.gyro_data_ready_cb  mpu_dmp_useapi.o
    0x08004fbc   0x00000110   Code   RO          845    i.gyro_self_test    inv_mpu.o
    0x080050cc   0x00000028   Code   RO         1404    i.inv_orientation_matrix_to_scalar  mpu_dmp_useapi.o
    0x080050f4   0x0000004e   Code   RO         1405    i.inv_row_2_scale   mpu_dmp_useapi.o
    0x08005142   0x00000002   PAD
    0x08005144   0x00000054   Code   RO            4    i.main              main.o
    0x08005198   0x00000070   Code   RO          846    i.mpu_configure_fifo  inv_mpu.o
    0x08005208   0x00000098   Code   RO         1406    i.mpu_dmp_init      mpu_dmp_useapi.o
    0x080052a0   0x0000004c   Code   RO          847    i.mpu_get_accel_fsr  inv_mpu.o
    0x080052ec   0x00000054   Code   RO          849    i.mpu_get_accel_sens  inv_mpu.o
    0x08005340   0x00000010   Code   RO          854    i.mpu_get_fifo_config  inv_mpu.o
    0x08005350   0x00000044   Code   RO          855    i.mpu_get_gyro_fsr  inv_mpu.o
    0x08005394   0x00000050   Code   RO          857    i.mpu_get_gyro_sens  inv_mpu.o
    0x080053e4   0x00000050   Code   RO          859    i.mpu_get_lpf       inv_mpu.o
    0x08005434   0x00000020   Code   RO          861    i.mpu_get_sample_rate  inv_mpu.o
    0x08005454   0x000001f0   Code   RO          863    i.mpu_init          inv_mpu.o
    0x08005644   0x000000b8   Code   RO          864    i.mpu_load_firmware  inv_mpu.o
    0x080056fc   0x000000e0   Code   RO          865    i.mpu_lp_accel_mode  inv_mpu.o
    0x080057dc   0x000001f8   Code   RO          867    i.mpu_read_fifo     inv_mpu.o
    0x080059d4   0x000000c0   Code   RO          868    i.mpu_read_fifo_stream  inv_mpu.o
    0x08005a94   0x00000080   Code   RO          869    i.mpu_read_mem      inv_mpu.o
    0x08005b14   0x000001c8   Code   RO          872    i.mpu_reset_fifo    inv_mpu.o
    0x08005cdc   0x0000011c   Code   RO          873    i.mpu_run_self_test  inv_mpu.o
    0x08005df8   0x00000084   Code   RO          875    i.mpu_set_accel_fsr  inv_mpu.o
    0x08005e7c   0x0000014c   Code   RO          876    i.mpu_set_bypass    inv_mpu.o
    0x08005fc8   0x00000090   Code   RO          878    i.mpu_set_dmp_state  inv_mpu.o
    0x08006058   0x00000088   Code   RO          879    i.mpu_set_gyro_fsr  inv_mpu.o
    0x080060e0   0x0000006c   Code   RO          880    i.mpu_set_int_latched  inv_mpu.o
    0x0800614c   0x00000084   Code   RO          882    i.mpu_set_lpf       inv_mpu.o
    0x080061d0   0x0000009c   Code   RO          883    i.mpu_set_sample_rate  inv_mpu.o
    0x0800626c   0x000000d0   Code   RO          884    i.mpu_set_sensors   inv_mpu.o
    0x0800633c   0x00000080   Code   RO          885    i.mpu_write_mem     inv_mpu.o
    0x080063bc   0x00000090   Code   RO         1407    i.run_self_test     mpu_dmp_useapi.o
    0x0800644c   0x00000090   Code   RO          886    i.set_int_enable    inv_mpu.o
    0x080064dc   0x0000004c   Code   RO         3248    i.sqrt              m_ws.l(sqrt.o)
    0x08006528   0x00000050   Data   RO          887    .constdata          inv_mpu.o
    0x08006578   0x00000bf6   Data   RO         1186    .constdata          inv_mpu_dmp_motion_driver.o
    0x0800716e   0x00000002   PAD
    0x08007170   0x00000050   Data   RO         2896    .constdata          m_ws.l(asin.o)
    0x080071c0   0x00000098   Data   RO         3220    .constdata          m_ws.l(atan.o)
    0x08007258   0x00000008   Data   RO         3246    .constdata          m_ws.l(qnan.o)
    0x08007260   0x0000004d   Data   RO          888    .conststring        inv_mpu.o
    0x080072ad   0x00000003   PAD
    0x080072b0   0x00000020   Data   RO         3300    Region$$Table       anon$$obj.o


    Execution Region RW_IRAM1 (Base: 0x20000000, Size: 0x000005b8, Max: 0x00005000, ABSOLUTE, COMPRESSED[0x0000005c])

    Base Addr    Size         Type   Attr      Idx    E Section Name        Object

    0x20000000   0x00000004   Data   RW          164    .data               systick.o
    0x20000004   0x00000003   Data   RW          255    .data               breatheled.o
    0x20000007   0x00000001   Data   RW          599    .data               spi.o
    0x20000008   0x0000000b   Data   RW          659    .data               nrf.o
    0x20000013   0x00000001   PAD
    0x20000014   0x0000000a   Data   RW          710    .data               deal_datapacket.o
    0x2000001e   0x00000001   Data   RW          739    .data               checksignal.o
    0x2000001f   0x00000001   PAD
    0x20000020   0x00000080   Data   RW          779    .data               control.o
    0x200000a0   0x0000002c   Data   RW          889    .data               inv_mpu.o
    0x200000cc   0x0000003c   Data   RW         1409    .data               mpu_dmp_useapi.o
    0x20000108   0x00000014   Data   RW         1756    .data               stm32f10x_rcc.o
    0x2000011c   0x00000014   Data   RW         2855    .data               system_stm32f10x.o
    0x20000130   0x00000004   Data   RW         3269    .data               mc_w.l(stdout.o)
    0x20000134   0x00000004   Data   RW         3283    .data               mc_w.l(errno.o)
    0x20000138   0x0000000c   Zero   RW          658    .bss                nrf.o
    0x20000144   0x00000010   Zero   RW         1185    .bss                inv_mpu_dmp_motion_driver.o
    0x20000154   0x0000003f   Zero   RW         1361    .bss                ano_dt.o
    0x20000193   0x00000001   PAD
    0x20000194   0x00000020   Zero   RW         1408    .bss                mpu_dmp_useapi.o
    0x200001b4   0x00000004   PAD
    0x200001b8   0x00000400   Zero   RW         2841    STACK               startup_stm32f10x_md.o


==============================================================================

Image component sizes


      Code (inc. data)   RO Data    RW Data    ZI Data      Debug   Object Name

       756         22          0          0         63       3806   ano_dt.o
       164         12          0          3          0      22842   breatheled.o
       272         16          0          1          0       1446   checksignal.o
      1388        260          0        128          0       5113   control.o
       144         32          0         10          0       1096   deal_datapacket.o
       100          4          0          0          0        641   dmp_exti.o
      1016         36          0          0          0       6154   i2c_moni.o
      6394        284        157         44          0      26800   inv_mpu.o
      3096        122       3062          0         16      19698   inv_mpu_dmp_motion_driver.o
       564         36          0          0          0       2053   led.o
        84         20          0          0          0     261279   main.o
       320         38          0          0          0       2545   moto_pwm.o
      1526         86          0         60         32      31629   mpu_dmp_useapi.o
       496         46          0         11         12       3409   nrf.o
       190          8          0          0          0       1678   nvic.o
       496         52          0          1          0       3827   spi.o
        36          8        236          0       1024        804   startup_stm32f10x_md.o
       172         18          0          0          0       2182   stm32f10x_exti.o
       350          4          0          0          0       3866   stm32f10x_gpio.o
       276         32          0         20          0       4606   stm32f10x_rcc.o
       112          0          0          0          0       4086   stm32f10x_spi.o
      1012         92          0          0          0      13326   stm32f10x_tim.o
       274          6          0          0          0       4228   stm32f10x_usart.o
       328         28          0         20          0       2233   system_stm32f10x.o
       200         26          0          4          0       1887   systick.o
       168         14          0          0          0       1083   usart.o

    ----------------------------------------------------------------------
     19952       1302       3492        304       1152     432317   Object Totals
         0          0         32          0          0          0   (incl. Generated)
        18          0          5          2          5          0   (incl. Padding)

    ----------------------------------------------------------------------

      Code (inc. data)   RO Data    RW Data    ZI Data      Debug   Library Member Name

       624         52         80          0          0        168   asin.o
       544         70        152          0          0        124   atan.o
       384         38          0          0          0        144   atan2.o
        38          6          0          0          0        272   dunder.o
        40          0          0          0          0         68   fpclassify.o
       170          0          0          0          0         96   poly.o
         0          0          8          0          0          0   qnan.o
        76          0          0          0          0         84   sqrt.o
        86          0          0          0          0          0   __dczerorl2.o
         0          0          0          0          0          0   entry.o
         0          0          0          0          0          0   entry10a.o
         0          0          0          0          0          0   entry11a.o
         8          4          0          0          0          0   entry2.o
         4          0          0          0          0          0   entry5.o
         0          0          0          0          0          0   entry7b.o
         0          0          0          0          0          0   entry8b.o
         8          4          0          0          0          0   entry9a.o
        12          6          0          4          0         68   errno.o
        30          0          0          0          0          0   handlers.o
        36          8          0          0          0         68   init.o
         0          0          0          0          0          0   iusefp.o
        98          0          0          0          0         84   ldiv.o
        30          0          0          0          0         68   llshl.o
        36          0          0          0          0         68   llsshr.o
        32          0          0          0          0         68   llushr.o
        26          0          0          0          0         80   memcmp.o
        36          0          0          0          0        108   memseta.o
      1154         54          0          0          0        352   printf8.o
         0          0          0          4          0          0   stdout.o
        98          0          0          0          0         92   uldiv.o
        48          0          0          0          0         68   cdcmple.o
        48          0          0          0          0         68   cdrcmple.o
        20          0          0          0          0         68   cfcmple.o
        20          0          0          0          0         68   cfrcmple.o
        56          0          0          0          0         88   d2f.o
       334          0          0          0          0        148   dadd.o
       222          0          0          0          0        100   ddiv.o
       186          0          0          0          0        176   depilogue.o
        62          0          0          0          0         80   dfixi.o
        34          0          0          0          0         76   dflti.o
       228          0          0          0          0         96   dmul.o
        46          0          0          0          0         80   dscalb.o
       162          0          0          0          0        100   dsqrt.o
        38          0          0          0          0         68   f2d.o
       176          0          0          0          0        140   fadd.o
       124          0          0          0          0         88   fdiv.o
       110          0          0          0          0        168   fepilogue.o
        50          0          0          0          0         68   ffixi.o
        40          0          0          0          0         68   ffixui.o
        18          0          0          0          0         68   fflti.o
        10          0          0          0          0         68   ffltui.o
       100          0          0          0          0         76   fmul.o

    ----------------------------------------------------------------------
      5708        242        240          8          0       4040   Library Totals
         6          0          0          0          0          0   (incl. Padding)

    ----------------------------------------------------------------------

      Code (inc. data)   RO Data    RW Data    ZI Data      Debug   Library Name

      1876        166        240          0          0        956   m_ws.l
      1694         76          0          8          0       1056   mc_w.l
      2132          0          0          0          0       2028   mf_w.l

    ----------------------------------------------------------------------
      5708        242        240          8          0       4040   Library Totals

    ----------------------------------------------------------------------

==============================================================================


      Code (inc. data)   RO Data    RW Data    ZI Data      Debug   

     25660       1544       3732        312       1152     426501   Grand Totals
     25660       1544       3732         92       1152     426501   ELF Image Totals (compressed)
     25660       1544       3732         92          0          0   ROM Totals

==============================================================================

    Total RO  Size (Code + RO Data)                29392 (  28.70kB)
    Total RW  Size (RW Data + ZI Data)              1464 (   1.43kB)
    Total ROM Size (Code + RO Data + RW Data)      29484 (  28.79kB)

==============================================================================

